Archive member included to satisfy reference by file (symbol)

c:/st/stm32cubeide_1.12.0/stm32cubeide/plugins/com.st.stm32cube.ide.mcu.externaltools.gnu-tools-for-stm32.10.3-2021.10.win32_1.0.200.202301161003/tools/bin/../lib/gcc/arm-none-eabi/10.3.1/../../../../arm-none-eabi/lib/thumb/v7e-m+fp/hard\libc_nano.a(lib_a-errno.o)
                              ./Core/Src/syscalls.o (__errno)
c:/st/stm32cubeide_1.12.0/stm32cubeide/plugins/com.st.stm32cube.ide.mcu.externaltools.gnu-tools-for-stm32.10.3-2021.10.win32_1.0.200.202301161003/tools/bin/../lib/gcc/arm-none-eabi/10.3.1/../../../../arm-none-eabi/lib/thumb/v7e-m+fp/hard\libc_nano.a(lib_a-exit.o)
                              c:/st/stm32cubeide_1.12.0/stm32cubeide/plugins/com.st.stm32cube.ide.mcu.externaltools.gnu-tools-for-stm32.10.3-2021.10.win32_1.0.200.202301161003/tools/bin/../lib/gcc/arm-none-eabi/10.3.1/../../../../arm-none-eabi/lib/thumb/v7e-m+fp/hard/crt0.o (exit)
c:/st/stm32cubeide_1.12.0/stm32cubeide/plugins/com.st.stm32cube.ide.mcu.externaltools.gnu-tools-for-stm32.10.3-2021.10.win32_1.0.200.202301161003/tools/bin/../lib/gcc/arm-none-eabi/10.3.1/../../../../arm-none-eabi/lib/thumb/v7e-m+fp/hard\libc_nano.a(lib_a-impure.o)
                              c:/st/stm32cubeide_1.12.0/stm32cubeide/plugins/com.st.stm32cube.ide.mcu.externaltools.gnu-tools-for-stm32.10.3-2021.10.win32_1.0.200.202301161003/tools/bin/../lib/gcc/arm-none-eabi/10.3.1/../../../../arm-none-eabi/lib/thumb/v7e-m+fp/hard\libc_nano.a(lib_a-exit.o) (_global_impure_ptr)
c:/st/stm32cubeide_1.12.0/stm32cubeide/plugins/com.st.stm32cube.ide.mcu.externaltools.gnu-tools-for-stm32.10.3-2021.10.win32_1.0.200.202301161003/tools/bin/../lib/gcc/arm-none-eabi/10.3.1/../../../../arm-none-eabi/lib/thumb/v7e-m+fp/hard\libc_nano.a(lib_a-init.o)
                              c:/st/stm32cubeide_1.12.0/stm32cubeide/plugins/com.st.stm32cube.ide.mcu.externaltools.gnu-tools-for-stm32.10.3-2021.10.win32_1.0.200.202301161003/tools/bin/../lib/gcc/arm-none-eabi/10.3.1/../../../../arm-none-eabi/lib/thumb/v7e-m+fp/hard/crt0.o (__libc_init_array)
c:/st/stm32cubeide_1.12.0/stm32cubeide/plugins/com.st.stm32cube.ide.mcu.externaltools.gnu-tools-for-stm32.10.3-2021.10.win32_1.0.200.202301161003/tools/bin/../lib/gcc/arm-none-eabi/10.3.1/../../../../arm-none-eabi/lib/thumb/v7e-m+fp/hard\libc_nano.a(lib_a-memset.o)
                              c:/st/stm32cubeide_1.12.0/stm32cubeide/plugins/com.st.stm32cube.ide.mcu.externaltools.gnu-tools-for-stm32.10.3-2021.10.win32_1.0.200.202301161003/tools/bin/../lib/gcc/arm-none-eabi/10.3.1/../../../../arm-none-eabi/lib/thumb/v7e-m+fp/hard/crt0.o (memset)
c:/st/stm32cubeide_1.12.0/stm32cubeide/plugins/com.st.stm32cube.ide.mcu.externaltools.gnu-tools-for-stm32.10.3-2021.10.win32_1.0.200.202301161003/tools/bin/../lib/gcc/arm-none-eabi/10.3.1/../../../../arm-none-eabi/lib/thumb/v7e-m+fp/hard\libc_nano.a(lib_a-sprintf.o)
                              ./Core/Src/main.o (sprintf)
c:/st/stm32cubeide_1.12.0/stm32cubeide/plugins/com.st.stm32cube.ide.mcu.externaltools.gnu-tools-for-stm32.10.3-2021.10.win32_1.0.200.202301161003/tools/bin/../lib/gcc/arm-none-eabi/10.3.1/../../../../arm-none-eabi/lib/thumb/v7e-m+fp/hard\libc_nano.a(lib_a-strcat.o)
                              ./Core/Src/main.o (strcat)
c:/st/stm32cubeide_1.12.0/stm32cubeide/plugins/com.st.stm32cube.ide.mcu.externaltools.gnu-tools-for-stm32.10.3-2021.10.win32_1.0.200.202301161003/tools/bin/../lib/gcc/arm-none-eabi/10.3.1/../../../../arm-none-eabi/lib/thumb/v7e-m+fp/hard\libc_nano.a(lib_a-strlen.o)
                              ./Core/Src/fonts.o (strlen)
c:/st/stm32cubeide_1.12.0/stm32cubeide/plugins/com.st.stm32cube.ide.mcu.externaltools.gnu-tools-for-stm32.10.3-2021.10.win32_1.0.200.202301161003/tools/bin/../lib/gcc/arm-none-eabi/10.3.1/../../../../arm-none-eabi/lib/thumb/v7e-m+fp/hard\libc_nano.a(lib_a-nano-svfprintf.o)
                              c:/st/stm32cubeide_1.12.0/stm32cubeide/plugins/com.st.stm32cube.ide.mcu.externaltools.gnu-tools-for-stm32.10.3-2021.10.win32_1.0.200.202301161003/tools/bin/../lib/gcc/arm-none-eabi/10.3.1/../../../../arm-none-eabi/lib/thumb/v7e-m+fp/hard\libc_nano.a(lib_a-sprintf.o) (_svfprintf_r)
c:/st/stm32cubeide_1.12.0/stm32cubeide/plugins/com.st.stm32cube.ide.mcu.externaltools.gnu-tools-for-stm32.10.3-2021.10.win32_1.0.200.202301161003/tools/bin/../lib/gcc/arm-none-eabi/10.3.1/../../../../arm-none-eabi/lib/thumb/v7e-m+fp/hard\libc_nano.a(lib_a-nano-vfprintf_i.o)
                              c:/st/stm32cubeide_1.12.0/stm32cubeide/plugins/com.st.stm32cube.ide.mcu.externaltools.gnu-tools-for-stm32.10.3-2021.10.win32_1.0.200.202301161003/tools/bin/../lib/gcc/arm-none-eabi/10.3.1/../../../../arm-none-eabi/lib/thumb/v7e-m+fp/hard\libc_nano.a(lib_a-nano-svfprintf.o) (_printf_i)
[...]
Memory Configuration

Name             Origin             Length             Attributes
RAM              0x0000000020000000 0x0000000000020000 xrw
FLASH            0x0000000008000000 0x0000000000080000 xr
*default*        0x0000000000000000 0xffffffffffffffff

Linker script and memory map

LOAD c:/st/stm32cubeide_1.12.0/stm32cubeide/plugins/com.st.stm32cube.ide.mcu.externaltools.gnu-tools-for-stm32.10.3-2021.10.win32_1.0.200.202301161003/tools/bin/../lib/gcc/arm-none-eabi/10.3.1/thumb/v7e-m+fp/hard/crti.o
LOAD c:/st/stm32cubeide_1.12.0/stm32cubeide/plugins/com.st.stm32cube.ide.mcu.externaltools.gnu-tools-for-stm32.10.3-2021.10.win32_1.0.200.202301161003/tools/bin/../lib/gcc/arm-none-eabi/10.3.1/thumb/v7e-m+fp/hard/crtbegin.o
LOAD c:/st/stm32cubeide_1.12.0/stm32cubeide/plugins/com.st.stm32cube.ide.mcu.externaltools.gnu-tools-for-stm32.10.3-2021.10.win32_1.0.200.202301161003/tools/bin/../lib/gcc/arm-none-eabi/10.3.1/../../../../arm-none-eabi/lib/thumb/v7e-m+fp/hard/crt0.o
LOAD ./Core/Src/DS3231.o
LOAD ./Core/Src/fonts.o
LOAD ./Core/Src/main.o
LOAD ./Core/Src/ssd1306.o
LOAD ./Core/Src/stm32f4xx_hal_msp.o
LOAD ./Core/Src/stm32f4xx_it.o
LOAD ./Core/Src/syscalls.o
LOAD ./Core/Src/sysmem.o
LOAD ./Core/Src/system_stm32f4xx.o
LOAD ./Core/Startup/startup_stm32f411ceux.o
LOAD ./Drivers/STM32F4xx_HAL_Driver/Src/stm32f4xx_hal.o
LOAD ./Drivers/STM32F4xx_HAL_Driver/Src/stm32f4xx_hal_adc.o
LOAD ./Drivers/STM32F4xx_HAL_Driver/Src/stm32f4xx_hal_adc_ex.o
LOAD ./Drivers/STM32F4xx_HAL_Driver/Src/stm32f4xx_hal_cortex.o
LOAD ./Drivers/STM32F4xx_HAL_Driver/Src/stm32f4xx_hal_dma.o
LOAD ./Drivers/STM32F4xx_HAL_Driver/Src/stm32f4xx_hal_dma_ex.o
LOAD ./Drivers/STM32F4xx_HAL_Driver/Src/stm32f4xx_hal_exti.o
LOAD ./Drivers/STM32F4xx_HAL_Driver/Src/stm32f4xx_hal_flash.o
LOAD ./Drivers/STM32F4xx_HAL_Driver/Src/stm32f4xx_hal_flash_ex.o
LOAD ./Drivers/STM32F4xx_HAL_Driver/Src/stm32f4xx_hal_flash_ramfunc.o
LOAD ./Drivers/STM32F4xx_HAL_Driver/Src/stm32f4xx_hal_gpio.o
LOAD ./Drivers/STM32F4xx_HAL_Driver/Src/stm32f4xx_hal_i2c.o
LOAD ./Drivers/STM32F4xx_HAL_Driver/Src/stm32f4xx_hal_i2c_ex.o
LOAD ./Drivers/STM32F4xx_HAL_Driver/Src/stm32f4xx_hal_pwr.o
LOAD ./Drivers/STM32F4xx_HAL_Driver/Src/stm32f4xx_hal_pwr_ex.o
LOAD ./Drivers/STM32F4xx_HAL_Driver/Src/stm32f4xx_hal_rcc.o
LOAD ./Drivers/STM32F4xx_HAL_Driver/Src/stm32f4xx_hal_rcc_ex.o
LOAD ./Drivers/STM32F4xx_HAL_Driver/Src/stm32f4xx_hal_tim.o
LOAD ./Drivers/STM32F4xx_HAL_Driver/Src/stm32f4xx_hal_tim_ex.o
LOAD ./Drivers/STM32F4xx_HAL_Driver/Src/stm32f4xx_ll_adc.o
START GROUP
LOAD c:/st/stm32cubeide_1.12.0/stm32cubeide/plugins/com.st.stm32cube.ide.mcu.externaltools.gnu-tools-for-stm32.10.3-2021.10.win32_1.0.200.202301161003/tools/bin/../lib/gcc/arm-none-eabi/10.3.1/../../../../arm-none-eabi/lib/thumb/v7e-m+fp/hard\libc_nano.a
LOAD c:/st/stm32cubeide_1.12.0/stm32cubeide/plugins/com.st.stm32cube.ide.mcu.externaltools.gnu-tools-for-stm32.10.3-2021.10.win32_1.0.200.202301161003/tools/bin/../lib/gcc/arm-none-eabi/10.3.1/../../../../arm-none-eabi/lib/thumb/v7e-m+fp/hard\libm.a
END GROUP
START GROUP
LOAD c:/st/stm32cubeide_1.12.0/stm32cubeide/plugins/com.st.stm32cube.ide.mcu.externaltools.gnu-tools-for-stm32.10.3-2021.10.win32_1.0.200.202301161003/tools/bin/../lib/gcc/arm-none-eabi/10.3.1/thumb/v7e-m+fp/hard\libgcc.a
LOAD c:/st/stm32cubeide_1.12.0/stm32cubeide/plugins/com.st.stm32cube.ide.mcu.externaltools.gnu-tools-for-stm32.10.3-2021.10.win32_1.0.200.202301161003/tools/bin/../lib/gcc/arm-none-eabi/10.3.1/../../../../arm-none-eabi/lib/thumb/v7e-m+fp/hard\libc_nano.a
END GROUP
START GROUP
LOAD c:/st/stm32cubeide_1.12.0/stm32cubeide/plugins/com.st.stm32cube.ide.mcu.externaltools.gnu-tools-for-stm32.10.3-2021.10.win32_1.0.200.202301161003/tools/bin/../lib/gcc/arm-none-eabi/10.3.1/thumb/v7e-m+fp/hard\libgcc.a
LOAD c:/st/stm32cubeide_1.12.0/stm32cubeide/plugins/com.st.stm32cube.ide.mcu.externaltools.gnu-tools-for-stm32.10.3-2021.10.win32_1.0.200.202301161003/tools/bin/../lib/gcc/arm-none-eabi/10.3.1/../../../../arm-none-eabi/lib/thumb/v7e-m+fp/hard\libc_nano.a
LOAD c:/st/stm32cubeide_1.12.0/stm32cubeide/plugins/com.st.stm32cube.ide.mcu.externaltools.gnu-tools-for-stm32.10.3-2021.10.win32_1.0.200.202301161003/tools/bin/../lib/gcc/arm-none-eabi/10.3.1/../../../../arm-none-eabi/lib/thumb/v7e-m+fp/hard\libnosys.a
END GROUP
START GROUP
LOAD c:/st/stm32cubeide_1.12.0/stm32cubeide/plugins/com.st.stm32cube.ide.mcu.externaltools.gnu-tools-for-stm32.10.3-2021.10.win32_1.0.200.202301161003/tools/bin/../lib/gcc/arm-none-eabi/10.3.1/thumb/v7e-m+fp/hard\libgcc.a
LOAD c:/st/stm32cubeide_1.12.0/stm32cubeide/plugins/com.st.stm32cube.ide.mcu.externaltools.gnu-tools-for-stm32.10.3-2021.10.win32_1.0.200.202301161003/tools/bin/../lib/gcc/arm-none-eabi/10.3.1/../../../../arm-none-eabi/lib/thumb/v7e-m+fp/hard\libc_nano.a
LOAD c:/st/stm32cubeide_1.12.0/stm32cubeide/plugins/com.st.stm32cube.ide.mcu.externaltools.gnu-tools-for-stm32.10.3-2021.10.win32_1.0.200.202301161003/tools/bin/../lib/gcc/arm-none-eabi/10.3.1/../../../../arm-none-eabi/lib/thumb/v7e-m+fp/hard\libnosys.a
END GROUP
LOAD c:/st/stm32cubeide_1.12.0/stm32cubeide/plugins/com.st.stm32cube.ide.mcu.externaltools.gnu-tools-for-stm32.10.3-2021.10.win32_1.0.200.202301161003/tools/bin/../lib/gcc/arm-none-eabi/10.3.1/thumb/v7e-m+fp/hard/crtend.o
LOAD c:/st/stm32cubeide_1.12.0/stm32cubeide/plugins/com.st.stm32cube.ide.mcu.externaltools.gnu-tools-for-stm32.10.3-2021.10.win32_1.0.200.202301161003/tools/bin/../lib/gcc/arm-none-eabi/10.3.1/thumb/v7e-m+fp/hard/crtn.o
                0x0000000020020000                _estack = (ORIGIN (RAM) + LENGTH (RAM))
                0x0000000000000200                _Min_Heap_Size = 0x200
                0x0000000000000400                _Min_Stack_Size = 0x400

.isr_vector     0x0000000008000000      0x198
                0x0000000008000000                . = ALIGN (0x4)
 *(.isr_vector)
 .isr_vector    0x0000000008000000      0x198 ./Core/Startup/startup_stm32f411ceux.o
                0x0000000008000000                g_pfnVectors
                0x0000000008000198                . = ALIGN (0x4)

.text           0x00000000080001a0     0x5fb0
                0x00000000080001a0                . = ALIGN (0x4)
 *(.text)
 .text          0x00000000080001a0       0x40 c:/st/stm32cubeide_1.12.0/stm32cubeide/plugins/com.st.stm32cube.ide.mcu.externaltools.gnu-tools-for-stm32.10.3-2021.10.win32_1.0.200.202301161003/tools/bin/../lib/gcc/arm-none-eabi/10.3.1/thumb/v7e-m+fp/hard/crtbegin.o
 .text          0x00000000080001e0       0xa0 c:/st/stm32cubeide_1.12.0/stm32cubeide/plugins/com.st.stm32cube.ide.mcu.externaltools.gnu-tools-for-stm32.10.3-2021.10.win32_1.0.200.202301161003/tools/bin/../lib/gcc/arm-none-eabi/10.3.1/../../../../arm-none-eabi/lib/thumb/v7e-m+fp/hard\libc_nano.a(lib_a-memchr.o)
                0x00000000080001e0                memchr
 .text          0x0000000008000280       0x30 c:/st/stm32cubeide_1.12.0/stm32cubeide/plugins/com.st.stm32cube.ide.mcu.externaltools.gnu-tools-for-stm32.10.3-2021.10.win32_1.0.200.202301161003/tools/bin/../lib/gcc/arm-none-eabi/10.3.1/thumb/v7e-m+fp/hard\libgcc.a(_aeabi_uldivmod.o)
                0x0000000008000280                __aeabi_uldivmod
 .text          0x00000000080002b0      0x2d0 c:/st/stm32cubeide_1.12.0/stm32cubeide/plugins/com.st.stm32cube.ide.mcu.externaltools.gnu-tools-for-stm32.10.3-2021.10.win32_1.0.200.202301161003/tools/bin/../lib/gcc/arm-none-eabi/10.3.1/thumb/v7e-m+fp/hard\libgcc.a(_udivmoddi4.o)
                0x00000000080002b0                __udivmoddi4
 .text          0x0000000008000580        0x4 c:/st/stm32cubeide_1.12.0/stm32cubeide/plugins/com.st.stm32cube.ide.mcu.externaltools.gnu-tools-for-stm32.10.3-2021.10.win32_1.0.200.202301161003/tools/bin/../lib/gcc/arm-none-eabi/10.3.1/thumb/v7e-m+fp/hard\libgcc.a(_dvmd_tls.o)
                0x0000000008000580                __aeabi_idiv0
                0x0000000008000580                __aeabi_ldiv0
 *(.text*)
 .text.DS3231_set_time
                0x0000000008000584       0xc4 ./Core/Src/DS3231.o
                0x0000000008000584                DS3231_set_time
 .text.DS3231_get_time
                0x0000000008000648       0xfc ./Core/Src/DS3231.o
                0x0000000008000648                DS3231_get_time
 .text.DS3231_set_date
                0x0000000008000744       0xc4 ./Core/Src/DS3231.o
                0x0000000008000744                DS3231_set_date
 .text.DS3231_get_date
                0x0000000008000808       0xfc ./Core/Src/DS3231.o
                0x0000000008000808                DS3231_get_date
 .text.HAL_IncTick
                0x0000000008000904      0x1d8 ./Core/Src/main.o
                0x0000000008000904                HAL_IncTick
 .text.joystick_sw
                0x0000000008000adc       0x38 ./Core/Src/main.o
                0x0000000008000adc                joystick_sw
 .text.PutsXY   0x0000000008000b14       0x48 ./Core/Src/main.o
                0x0000000008000b14                PutsXY
 .text.ud_joystick
                0x0000000008000b5c      0x2c0 ./Core/Src/main.o
                0x0000000008000b5c                ud_joystick
 .text.rl_joystick
                0x0000000008000e1c      0x2b8 ./Core/Src/main.o
                0x0000000008000e1c                rl_joystick
 .text.pati_save_
                0x00000000080010d4      0x1a8 ./Core/Src/main.o
                0x00000000080010d4                pati_save_
 .text.KEYBOARD
                0x000000000800127c      0x220 ./Core/Src/main.o
                0x000000000800127c                KEYBOARD
 .text.Init     0x000000000800149c       0xb0 ./Core/Src/main.o
                0x000000000800149c                Init
 .text.Time_set
                0x000000000800154c      0x22c ./Core/Src/main.o
                0x000000000800154c                Time_set
 .text.Main_menu
                0x0000000008001778      0x118 ./Core/Src/main.o
                0x0000000008001778                Main_menu
 .text.Hospit   0x0000000008001890      0x42c ./Core/Src/main.o
                0x0000000008001890                Hospit
 .text.Discharge
                0x0000000008001cbc       0x7c ./Core/Src/main.o
                0x0000000008001cbc                Discharge
 .text.Medicine_manage
                0x0000000008001d38       0x24 ./Core/Src/main.o
                0x0000000008001d38                Medicine_manage
 .text.Prescription_manage
                0x0000000008001d5c       0x24 ./Core/Src/main.o
                0x0000000008001d5c                Prescription_manage
 .text.Log      0x0000000008001d80       0x24 ./Core/Src/main.o
                0x0000000008001d80                Log
 .text.Emergency_call
                0x0000000008001da4        0xe ./Core/Src/main.o
                0x0000000008001da4                Emergency_call
 *fill*         0x0000000008001db2        0x2 
 .text.main     0x0000000008001db4       0x9c ./Core/Src/main.o
                0x0000000008001db4                main
 .text.SystemClock_Config
                0x0000000008001e50       0xd0 ./Core/Src/main.o
                0x0000000008001e50                SystemClock_Config
 .text.MX_ADC1_Init
                0x0000000008001f20       0xc4 ./Core/Src/main.o
 .text.MX_I2C1_Init
                0x0000000008001fe4       0x60 ./Core/Src/main.o
 .text.MX_DMA_Init
                0x0000000008002044       0x40 ./Core/Src/main.o
 .text.MX_GPIO_Init
                0x0000000008002084       0xe0 ./Core/Src/main.o
 .text.Error_Handler
                0x0000000008002164        0xa ./Core/Src/main.o
                0x0000000008002164                Error_Handler
 *fill*         0x000000000800216e        0x2 
 .text.SSD1306_Init
                0x0000000008002170      0x188 ./Core/Src/ssd1306.o
                0x0000000008002170                SSD1306_Init
 .text.SSD1306_UpdateScreen
                0x00000000080022f8       0x5c ./Core/Src/ssd1306.o
                0x00000000080022f8                SSD1306_UpdateScreen
 .text.SSD1306_Fill
                0x0000000008002354       0x30 ./Core/Src/ssd1306.o
                0x0000000008002354                SSD1306_Fill
 .text.SSD1306_DrawPixel
                0x0000000008002384       0xc0 ./Core/Src/ssd1306.o
                0x0000000008002384                SSD1306_DrawPixel
 .text.SSD1306_GotoXY
                0x0000000008002444       0x2c ./Core/Src/ssd1306.o
                0x0000000008002444                SSD1306_GotoXY
 .text.SSD1306_Putc
                0x0000000008002470       0xdc ./Core/Src/ssd1306.o
                0x0000000008002470                SSD1306_Putc
 .text.SSD1306_Puts
                0x000000000800254c       0x4a ./Core/Src/ssd1306.o
                0x000000000800254c                SSD1306_Puts
 *fill*         0x0000000008002596        0x2 
 .text.ssd1306_I2C_Init
                0x0000000008002598       0x2c ./Core/Src/ssd1306.o
                0x0000000008002598                ssd1306_I2C_Init
 .text.ssd1306_I2C_WriteMulti
                0x00000000080025c4       0xcc ./Core/Src/ssd1306.o
                0x00000000080025c4                ssd1306_I2C_WriteMulti
 .text.ssd1306_I2C_Write
                0x0000000008002690       0x3c ./Core/Src/ssd1306.o
                0x0000000008002690                ssd1306_I2C_Write
 .text.HAL_MspInit
                0x00000000080026cc       0x50 ./Core/Src/stm32f4xx_hal_msp.o
                0x00000000080026cc                HAL_MspInit
 .text.HAL_ADC_MspInit
                0x000000000800271c       0xf0 ./Core/Src/stm32f4xx_hal_msp.o
                0x000000000800271c                HAL_ADC_MspInit
 .text.HAL_I2C_MspInit
                0x000000000800280c       0x90 ./Core/Src/stm32f4xx_hal_msp.o
                0x000000000800280c                HAL_I2C_MspInit
 .text.NMI_Handler
                0x000000000800289c        0x6 ./Core/Src/stm32f4xx_it.o
                0x000000000800289c                NMI_Handler
 .text.HardFault_Handler
                0x00000000080028a2        0x6 ./Core/Src/stm32f4xx_it.o
                0x00000000080028a2                HardFault_Handler
 .text.MemManage_Handler
                0x00000000080028a8        0x6 ./Core/Src/stm32f4xx_it.o
                0x00000000080028a8                MemManage_Handler
 .text.BusFault_Handler
                0x00000000080028ae        0x6 ./Core/Src/stm32f4xx_it.o
                0x00000000080028ae                BusFault_Handler
 .text.UsageFault_Handler
                0x00000000080028b4        0x6 ./Core/Src/stm32f4xx_it.o
                0x00000000080028b4                UsageFault_Handler
 .text.SVC_Handler
                0x00000000080028ba        0xe ./Core/Src/stm32f4xx_it.o
                0x00000000080028ba                SVC_Handler
 .text.DebugMon_Handler
                0x00000000080028c8        0xe ./Core/Src/stm32f4xx_it.o
                0x00000000080028c8                DebugMon_Handler
 .text.PendSV_Handler
                0x00000000080028d6        0xe ./Core/Src/stm32f4xx_it.o
                0x00000000080028d6                PendSV_Handler
 .text.SysTick_Handler
                0x00000000080028e4        0xc ./Core/Src/stm32f4xx_it.o
                0x00000000080028e4                SysTick_Handler
 .text.DMA2_Stream0_IRQHandler
                0x00000000080028f0       0x14 ./Core/Src/stm32f4xx_it.o
                0x00000000080028f0                DMA2_Stream0_IRQHandler
 .text._sbrk    0x0000000008002904       0x6c ./Core/Src/sysmem.o
                0x0000000008002904                _sbrk
 .text.SystemInit
                0x0000000008002970       0x24 ./Core/Src/system_stm32f4xx.o
                0x0000000008002970                SystemInit
 .text.Reset_Handler
                0x0000000008002994       0x50 ./Core/Startup/startup_stm32f411ceux.o
                0x0000000008002994                Reset_Handler
 .text.Default_Handler
                0x00000000080029e4        0x2 ./Core/Startup/startup_stm32f411ceux.o
                0x00000000080029e4                RTC_Alarm_IRQHandler
                0x00000000080029e4                EXTI2_IRQHandler
                0x00000000080029e4                SPI4_IRQHandler
                0x00000000080029e4                TIM1_CC_IRQHandler
                0x00000000080029e4                DMA2_Stream5_IRQHandler
                0x00000000080029e4                DMA1_Stream5_IRQHandler
                0x00000000080029e4                PVD_IRQHandler
                0x00000000080029e4                SDIO_IRQHandler
                0x00000000080029e4                TAMP_STAMP_IRQHandler
                0x00000000080029e4                EXTI3_IRQHandler
                0x00000000080029e4                TIM1_UP_TIM10_IRQHandler
                0x00000000080029e4                I2C3_ER_IRQHandler
                0x00000000080029e4                EXTI0_IRQHandler
                0x00000000080029e4                I2C2_EV_IRQHandler
                0x00000000080029e4                DMA1_Stream2_IRQHandler
                0x00000000080029e4                FPU_IRQHandler
                0x00000000080029e4                DMA2_Stream2_IRQHandler
                0x00000000080029e4                SPI1_IRQHandler
                0x00000000080029e4                TIM1_BRK_TIM9_IRQHandler
                0x00000000080029e4                DMA2_Stream3_IRQHandler
                0x00000000080029e4                USART6_IRQHandler
                0x00000000080029e4                TIM4_IRQHandler
                0x00000000080029e4                I2C1_EV_IRQHandler
                0x00000000080029e4                DMA1_Stream6_IRQHandler
                0x00000000080029e4                DMA1_Stream1_IRQHandler
                0x00000000080029e4                TIM3_IRQHandler
                0x00000000080029e4                RCC_IRQHandler
                0x00000000080029e4                Default_Handler
                0x00000000080029e4                EXTI15_10_IRQHandler
                0x00000000080029e4                ADC_IRQHandler
                0x00000000080029e4                DMA1_Stream7_IRQHandler
                0x00000000080029e4                SPI5_IRQHandler
                0x00000000080029e4                TIM5_IRQHandler
                0x00000000080029e4                DMA2_Stream7_IRQHandler
                0x00000000080029e4                I2C3_EV_IRQHandler
                0x00000000080029e4                EXTI9_5_IRQHandler
                0x00000000080029e4                RTC_WKUP_IRQHandler
                0x00000000080029e4                SPI2_IRQHandler
                0x00000000080029e4                DMA1_Stream0_IRQHandler
                0x00000000080029e4                EXTI4_IRQHandler
                0x00000000080029e4                WWDG_IRQHandler
                0x00000000080029e4                TIM2_IRQHandler
                0x00000000080029e4                OTG_FS_WKUP_IRQHandler
                0x00000000080029e4                TIM1_TRG_COM_TIM11_IRQHandler
                0x00000000080029e4                EXTI1_IRQHandler
                0x00000000080029e4                USART2_IRQHandler
                0x00000000080029e4                I2C2_ER_IRQHandler
                0x00000000080029e4                DMA2_Stream1_IRQHandler
                0x00000000080029e4                FLASH_IRQHandler
                0x00000000080029e4                DMA2_Stream4_IRQHandler
                0x00000000080029e4                USART1_IRQHandler
                0x00000000080029e4                OTG_FS_IRQHandler
                0x00000000080029e4                SPI3_IRQHandler
                0x00000000080029e4                DMA1_Stream4_IRQHandler
                0x00000000080029e4                I2C1_ER_IRQHandler
                0x00000000080029e4                DMA2_Stream6_IRQHandler
                0x00000000080029e4                DMA1_Stream3_IRQHandler
 *fill*         0x00000000080029e6        0x2 
 .text.HAL_Init
                0x00000000080029e8       0x44 ./Drivers/STM32F4xx_HAL_Driver/Src/stm32f4xx_hal.o
                0x00000000080029e8                HAL_Init
 .text.HAL_InitTick
                0x0000000008002a2c       0x60 ./Drivers/STM32F4xx_HAL_Driver/Src/stm32f4xx_hal.o
                0x0000000008002a2c                HAL_InitTick
 .text.HAL_GetTick
                0x0000000008002a8c       0x18 ./Drivers/STM32F4xx_HAL_Driver/Src/stm32f4xx_hal.o
                0x0000000008002a8c                HAL_GetTick
 .text.HAL_Delay
                0x0000000008002aa4       0x48 ./Drivers/STM32F4xx_HAL_Driver/Src/stm32f4xx_hal.o
                0x0000000008002aa4                HAL_Delay
 .text.HAL_ADC_Init
                0x0000000008002aec       0x86 ./Drivers/STM32F4xx_HAL_Driver/Src/stm32f4xx_hal_adc.o
                0x0000000008002aec                HAL_ADC_Init
 *fill*         0x0000000008002b72        0x2 
 .text.HAL_ADC_Start
                0x0000000008002b74      0x168 ./Drivers/STM32F4xx_HAL_Driver/Src/stm32f4xx_hal_adc.o
                0x0000000008002b74                HAL_ADC_Start
 .text.HAL_ADC_PollForConversion
                0x0000000008002cdc      0x116 ./Drivers/STM32F4xx_HAL_Driver/Src/stm32f4xx_hal_adc.o
                0x0000000008002cdc                HAL_ADC_PollForConversion
 .text.HAL_ADC_GetValue
                0x0000000008002df2       0x1a ./Drivers/STM32F4xx_HAL_Driver/Src/stm32f4xx_hal_adc.o
                0x0000000008002df2                HAL_ADC_GetValue
 .text.HAL_ADC_ConfigChannel
                0x0000000008002e0c      0x264 ./Drivers/STM32F4xx_HAL_Driver/Src/stm32f4xx_hal_adc.o
                0x0000000008002e0c                HAL_ADC_ConfigChannel
 .text.ADC_Init
                0x0000000008003070      0x1f8 ./Drivers/STM32F4xx_HAL_Driver/Src/stm32f4xx_hal_adc.o
 .text.__NVIC_SetPriorityGrouping
                0x0000000008003268       0x48 ./Drivers/STM32F4xx_HAL_Driver/Src/stm32f4xx_hal_cortex.o
 .text.__NVIC_GetPriorityGrouping
                0x00000000080032b0       0x1c ./Drivers/STM32F4xx_HAL_Driver/Src/stm32f4xx_hal_cortex.o
 .text.__NVIC_EnableIRQ
                0x00000000080032cc       0x3c ./Drivers/STM32F4xx_HAL_Driver/Src/stm32f4xx_hal_cortex.o
 .text.__NVIC_SetPriority
                0x0000000008003308       0x54 ./Drivers/STM32F4xx_HAL_Driver/Src/stm32f4xx_hal_cortex.o
 .text.NVIC_EncodePriority
                0x000000000800335c       0x66 ./Drivers/STM32F4xx_HAL_Driver/Src/stm32f4xx_hal_cortex.o
 *fill*         0x00000000080033c2        0x2 
 .text.SysTick_Config
                0x00000000080033c4       0x44 ./Drivers/STM32F4xx_HAL_Driver/Src/stm32f4xx_hal_cortex.o
 .text.HAL_NVIC_SetPriorityGrouping
                0x0000000008003408       0x16 ./Drivers/STM32F4xx_HAL_Driver/Src/stm32f4xx_hal_cortex.o
                0x0000000008003408                HAL_NVIC_SetPriorityGrouping
 .text.HAL_NVIC_SetPriority
                0x000000000800341e       0x38 ./Drivers/STM32F4xx_HAL_Driver/Src/stm32f4xx_hal_cortex.o
                0x000000000800341e                HAL_NVIC_SetPriority
 .text.HAL_NVIC_EnableIRQ
                0x0000000008003456       0x1c ./Drivers/STM32F4xx_HAL_Driver/Src/stm32f4xx_hal_cortex.o
                0x0000000008003456                HAL_NVIC_EnableIRQ
 .text.HAL_SYSTICK_Config
                0x0000000008003472       0x18 ./Drivers/STM32F4xx_HAL_Driver/Src/stm32f4xx_hal_cortex.o
                0x0000000008003472                HAL_SYSTICK_Config
 *fill*         0x000000000800348a        0x2 
 .text.HAL_DMA_Init
                0x000000000800348c      0x15c ./Drivers/STM32F4xx_HAL_Driver/Src/stm32f4xx_hal_dma.o
                0x000000000800348c                HAL_DMA_Init
 .text.HAL_DMA_IRQHandler
                0x00000000080035e8      0x314 ./Drivers/STM32F4xx_HAL_Driver/Src/stm32f4xx_hal_dma.o
                0x00000000080035e8                HAL_DMA_IRQHandler
 .text.DMA_CalcBaseAndBitshift
                0x00000000080038fc       0x6c ./Drivers/STM32F4xx_HAL_Driver/Src/stm32f4xx_hal_dma.o
 .text.DMA_CheckFifoParam
                0x0000000008003968       0xf8 ./Drivers/STM32F4xx_HAL_Driver/Src/stm32f4xx_hal_dma.o
 .text.HAL_GPIO_Init
                0x0000000008003a60      0x308 ./Drivers/STM32F4xx_HAL_Driver/Src/stm32f4xx_hal_gpio.o
                0x0000000008003a60                HAL_GPIO_Init
 .text.HAL_GPIO_ReadPin
                0x0000000008003d68       0x30 ./Drivers/STM32F4xx_HAL_Driver/Src/stm32f4xx_hal_gpio.o
                0x0000000008003d68                HAL_GPIO_ReadPin
 .text.HAL_GPIO_WritePin
                0x0000000008003d98       0x32 ./Drivers/STM32F4xx_HAL_Driver/Src/stm32f4xx_hal_gpio.o
                0x0000000008003d98                HAL_GPIO_WritePin
 *fill*         0x0000000008003dca        0x2 
 .text.HAL_I2C_Init
                0x0000000008003dcc      0x288 ./Drivers/STM32F4xx_HAL_Driver/Src/stm32f4xx_hal_i2c.o
                0x0000000008003dcc                HAL_I2C_Init
 .text.HAL_I2C_Master_Transmit
                0x0000000008004054      0x1fc ./Drivers/STM32F4xx_HAL_Driver/Src/stm32f4xx_hal_i2c.o
                0x0000000008004054                HAL_I2C_Master_Transmit
 .text.HAL_I2C_Master_Receive
                0x0000000008004250      0x44c ./Drivers/STM32F4xx_HAL_Driver/Src/stm32f4xx_hal_i2c.o
                0x0000000008004250                HAL_I2C_Master_Receive
 .text.HAL_I2C_IsDeviceReady
                0x000000000800469c      0x25c ./Drivers/STM32F4xx_HAL_Driver/Src/stm32f4xx_hal_i2c.o
                0x000000000800469c                HAL_I2C_IsDeviceReady
 .text.I2C_MasterRequestWrite
                0x00000000080048f8      0x104 ./Drivers/STM32F4xx_HAL_Driver/Src/stm32f4xx_hal_i2c.o
 .text.I2C_MasterRequestRead
                0x00000000080049fc      0x19c ./Drivers/STM32F4xx_HAL_Driver/Src/stm32f4xx_hal_i2c.o
 .text.I2C_WaitOnFlagUntilTimeout
                0x0000000008004b98       0xae ./Drivers/STM32F4xx_HAL_Driver/Src/stm32f4xx_hal_i2c.o
 .text.I2C_WaitOnMasterAddressFlagUntilTimeout
                0x0000000008004c46       0xfe ./Drivers/STM32F4xx_HAL_Driver/Src/stm32f4xx_hal_i2c.o
 .text.I2C_WaitOnTXEFlagUntilTimeout
                0x0000000008004d44       0x82 ./Drivers/STM32F4xx_HAL_Driver/Src/stm32f4xx_hal_i2c.o
 .text.I2C_WaitOnBTFFlagUntilTimeout
                0x0000000008004dc6       0x82 ./Drivers/STM32F4xx_HAL_Driver/Src/stm32f4xx_hal_i2c.o
 .text.I2C_WaitOnRXNEFlagUntilTimeout
                0x0000000008004e48       0xac ./Drivers/STM32F4xx_HAL_Driver/Src/stm32f4xx_hal_i2c.o
 .text.I2C_IsAcknowledgeFailed
                0x0000000008004ef4       0x5e ./Drivers/STM32F4xx_HAL_Driver/Src/stm32f4xx_hal_i2c.o
 *fill*         0x0000000008004f52        0x2 
 .text.HAL_RCC_OscConfig
                0x0000000008004f54      0x4f0 ./Drivers/STM32F4xx_HAL_Driver/Src/stm32f4xx_hal_rcc.o
                0x0000000008004f54                HAL_RCC_OscConfig
 .text.HAL_RCC_ClockConfig
                0x0000000008005444      0x1cc ./Drivers/STM32F4xx_HAL_Driver/Src/stm32f4xx_hal_rcc.o
                0x0000000008005444                HAL_RCC_ClockConfig
 .text.HAL_RCC_GetSysClockFreq
                0x0000000008005610      0x18c ./Drivers/STM32F4xx_HAL_Driver/Src/stm32f4xx_hal_rcc.o
                0x0000000008005610                HAL_RCC_GetSysClockFreq
 .text.HAL_RCC_GetHCLKFreq
                0x000000000800579c       0x18 ./Drivers/STM32F4xx_HAL_Driver/Src/stm32f4xx_hal_rcc.o
                0x000000000800579c                HAL_RCC_GetHCLKFreq
 .text.HAL_RCC_GetPCLK1Freq
                0x00000000080057b4       0x28 ./Drivers/STM32F4xx_HAL_Driver/Src/stm32f4xx_hal_rcc.o
                0x00000000080057b4                HAL_RCC_GetPCLK1Freq
 .text.__errno  0x00000000080057dc        0xc c:/st/stm32cubeide_1.12.0/stm32cubeide/plugins/com.st.stm32cube.ide.mcu.externaltools.gnu-tools-for-stm32.10.3-2021.10.win32_1.0.200.202301161003/tools/bin/../lib/gcc/arm-none-eabi/10.3.1/../../../../arm-none-eabi/lib/thumb/v7e-m+fp/hard\libc_nano.a(lib_a-errno.o)
                0x00000000080057dc                __errno
 .text.__libc_init_array
                0x00000000080057e8       0x48 c:/st/stm32cubeide_1.12.0/stm32cubeide/plugins/com.st.stm32cube.ide.mcu.externaltools.gnu-tools-for-stm32.10.3-2021.10.win32_1.0.200.202301161003/tools/bin/../lib/gcc/arm-none-eabi/10.3.1/../../../../arm-none-eabi/lib/thumb/v7e-m+fp/hard\libc_nano.a(lib_a-init.o)
                0x00000000080057e8                __libc_init_array
 .text.memset   0x0000000008005830       0x10 c:/st/stm32cubeide_1.12.0/stm32cubeide/plugins/com.st.stm32cube.ide.mcu.externaltools.gnu-tools-for-stm32.10.3-2021.10.win32_1.0.200.202301161003/tools/bin/../lib/gcc/arm-none-eabi/10.3.1/../../../../arm-none-eabi/lib/thumb/v7e-m+fp/hard\libc_nano.a(lib_a-memset.o)
                0x0000000008005830                memset
 .text.sprintf  0x0000000008005840       0x40 c:/st/stm32cubeide_1.12.0/stm32cubeide/plugins/com.st.stm32cube.ide.mcu.externaltools.gnu-tools-for-stm32.10.3-2021.10.win32_1.0.200.202301161003/tools/bin/../lib/gcc/arm-none-eabi/10.3.1/../../../../arm-none-eabi/lib/thumb/v7e-m+fp/hard\libc_nano.a(lib_a-sprintf.o)
                0x0000000008005840                siprintf
                0x0000000008005840                sprintf
 .text.strcat   0x0000000008005880       0x1e c:/st/stm32cubeide_1.12.0/stm32cubeide/plugins/com.st.stm32cube.ide.mcu.externaltools.gnu-tools-for-stm32.10.3-2021.10.win32_1.0.200.202301161003/tools/bin/../lib/gcc/arm-none-eabi/10.3.1/../../../../arm-none-eabi/lib/thumb/v7e-m+fp/hard\libc_nano.a(lib_a-strcat.o)
                0x0000000008005880                strcat
 .text.__ssputs_r
                0x000000000800589e       0xb6 c:/st/stm32cubeide_1.12.0/stm32cubeide/plugins/com.st.stm32cube.ide.mcu.externaltools.gnu-tools-for-stm32.10.3-2021.10.win32_1.0.200.202301161003/tools/bin/../lib/gcc/arm-none-eabi/10.3.1/../../../../arm-none-eabi/lib/thumb/v7e-m+fp/hard\libc_nano.a(lib_a-nano-svfprintf.o)
                0x000000000800589e                __ssputs_r
 .text._svfprintf_r
                0x0000000008005954      0x200 c:/st/stm32cubeide_1.12.0/stm32cubeide/plugins/com.st.stm32cube.ide.mcu.externaltools.gnu-tools-for-stm32.10.3-2021.10.win32_1.0.200.202301161003/tools/bin/../lib/gcc/arm-none-eabi/10.3.1/../../../../arm-none-eabi/lib/thumb/v7e-m+fp/hard\libc_nano.a(lib_a-nano-svfprintf.o)
                0x0000000008005954                _svfiprintf_r
                0x0000000008005954                _svfprintf_r
 .text._printf_common
                0x0000000008005b54       0xda c:/st/stm32cubeide_1.12.0/stm32cubeide/plugins/com.st.stm32cube.ide.mcu.externaltools.gnu-tools-for-stm32.10.3-2021.10.win32_1.0.200.202301161003/tools/bin/../lib/gcc/arm-none-eabi/10.3.1/../../../../arm-none-eabi/lib/thumb/v7e-m+fp/hard\libc_nano.a(lib_a-nano-vfprintf_i.o)
                0x0000000008005b54                _printf_common
 *fill*         0x0000000008005c2e        0x2 
 .text._printf_i
                0x0000000008005c30      0x24c c:/st/stm32cubeide_1.12.0/stm32cubeide/plugins/com.st.stm32cube.ide.mcu.externaltools.gnu-tools-for-stm32.10.3-2021.10.win32_1.0.200.202301161003/tools/bin/../lib/gcc/arm-none-eabi/10.3.1/../../../../arm-none-eabi/lib/thumb/v7e-m+fp/hard\libc_nano.a(lib_a-nano-vfprintf_i.o)
                0x0000000008005c30                _printf_i
 .text.memcpy   0x0000000008005e7c       0x1c c:/st/stm32cubeide_1.12.0/stm32cubeide/plugins/com.st.stm32cube.ide.mcu.externaltools.gnu-tools-for-stm32.10.3-2021.10.win32_1.0.200.202301161003/tools/bin/../lib/gcc/arm-none-eabi/10.3.1/../../../../arm-none-eabi/lib/thumb/v7e-m+fp/hard\libc_nano.a(lib_a-memcpy-stub.o)
                0x0000000008005e7c                memcpy
 .text.memmove  0x0000000008005e98       0x34 c:/st/stm32cubeide_1.12.0/stm32cubeide/plugins/com.st.stm32cube.ide.mcu.externaltools.gnu-tools-for-stm32.10.3-2021.10.win32_1.0.200.202301161003/tools/bin/../lib/gcc/arm-none-eabi/10.3.1/../../../../arm-none-eabi/lib/thumb/v7e-m+fp/hard\libc_nano.a(lib_a-memmove.o)
                0x0000000008005e98                memmove
 .text._free_r  0x0000000008005ecc       0x98 c:/st/stm32cubeide_1.12.0/stm32cubeide/plugins/com.st.stm32cube.ide.mcu.externaltools.gnu-tools-for-stm32.10.3-2021.10.win32_1.0.200.202301161003/tools/bin/../lib/gcc/arm-none-eabi/10.3.1/../../../../arm-none-eabi/lib/thumb/v7e-m+fp/hard\libc_nano.a(lib_a-nano-freer.o)
                0x0000000008005ecc                _free_r
 .text.sbrk_aligned
                0x0000000008005f64       0x40 c:/st/stm32cubeide_1.12.0/stm32cubeide/plugins/com.st.stm32cube.ide.mcu.externaltools.gnu-tools-for-stm32.10.3-2021.10.win32_1.0.200.202301161003/tools/bin/../lib/gcc/arm-none-eabi/10.3.1/../../../../arm-none-eabi/lib/thumb/v7e-m+fp/hard\libc_nano.a(lib_a-nano-mallocr.o)
 .text._malloc_r
                0x0000000008005fa4       0xe8 c:/st/stm32cubeide_1.12.0/stm32cubeide/plugins/com.st.stm32cube.ide.mcu.externaltools.gnu-tools-for-stm32.10.3-2021.10.win32_1.0.200.202301161003/tools/bin/../lib/gcc/arm-none-eabi/10.3.1/../../../../arm-none-eabi/lib/thumb/v7e-m+fp/hard\libc_nano.a(lib_a-nano-mallocr.o)
                0x0000000008005fa4                _malloc_r
 .text._realloc_r
                0x000000000800608c       0x5e c:/st/stm32cubeide_1.12.0/stm32cubeide/plugins/com.st.stm32cube.ide.mcu.externaltools.gnu-tools-for-stm32.10.3-2021.10.win32_1.0.200.202301161003/tools/bin/../lib/gcc/arm-none-eabi/10.3.1/../../../../arm-none-eabi/lib/thumb/v7e-m+fp/hard\libc_nano.a(lib_a-nano-reallocr.o)
                0x000000000800608c                _realloc_r
 *fill*         0x00000000080060ea        0x2 
 .text._sbrk_r  0x00000000080060ec       0x20 c:/st/stm32cubeide_1.12.0/stm32cubeide/plugins/com.st.stm32cube.ide.mcu.externaltools.gnu-tools-for-stm32.10.3-2021.10.win32_1.0.200.202301161003/tools/bin/../lib/gcc/arm-none-eabi/10.3.1/../../../../arm-none-eabi/lib/thumb/v7e-m+fp/hard\libc_nano.a(lib_a-sbrkr.o)
                0x00000000080060ec                _sbrk_r
 .text.__malloc_lock
                0x000000000800610c        0xc c:/st/stm32cubeide_1.12.0/stm32cubeide/plugins/com.st.stm32cube.ide.mcu.externaltools.gnu-tools-for-stm32.10.3-2021.10.win32_1.0.200.202301161003/tools/bin/../lib/gcc/arm-none-eabi/10.3.1/../../../../arm-none-eabi/lib/thumb/v7e-m+fp/hard\libc_nano.a(lib_a-mlock.o)
                0x000000000800610c                __malloc_lock
 .text.__malloc_unlock
                0x0000000008006118        0xc c:/st/stm32cubeide_1.12.0/stm32cubeide/plugins/com.st.stm32cube.ide.mcu.externaltools.gnu-tools-for-stm32.10.3-2021.10.win32_1.0.200.202301161003/tools/bin/../lib/gcc/arm-none-eabi/10.3.1/../../../../arm-none-eabi/lib/thumb/v7e-m+fp/hard\libc_nano.a(lib_a-mlock.o)
                0x0000000008006118                __malloc_unlock
 .text._malloc_usable_size_r
                0x0000000008006124       0x10 c:/st/stm32cubeide_1.12.0/stm32cubeide/plugins/com.st.stm32cube.ide.mcu.externaltools.gnu-tools-for-stm32.10.3-2021.10.win32_1.0.200.202301161003/tools/bin/../lib/gcc/arm-none-eabi/10.3.1/../../../../arm-none-eabi/lib/thumb/v7e-m+fp/hard\libc_nano.a(lib_a-nano-msizer.o)
                0x0000000008006124                _malloc_usable_size_r
 .text.__retarget_lock_acquire_recursive
                0x0000000008006134        0x2 c:/st/stm32cubeide_1.12.0/stm32cubeide/plugins/com.st.stm32cube.ide.mcu.externaltools.gnu-tools-for-stm32.10.3-2021.10.win32_1.0.200.202301161003/tools/bin/../lib/gcc/arm-none-eabi/10.3.1/../../../../arm-none-eabi/lib/thumb/v7e-m+fp/hard\libc_nano.a(lib_a-lock.o)
                0x0000000008006134                __retarget_lock_acquire_recursive
 .text.__retarget_lock_release_recursive
                0x0000000008006136        0x2 c:/st/stm32cubeide_1.12.0/stm32cubeide/plugins/com.st.stm32cube.ide.mcu.externaltools.gnu-tools-for-stm32.10.3-2021.10.win32_1.0.200.202301161003/tools/bin/../lib/gcc/arm-none-eabi/10.3.1/../../../../arm-none-eabi/lib/thumb/v7e-m+fp/hard\libc_nano.a(lib_a-lock.o)
                0x0000000008006136                __retarget_lock_release_recursive
 *(.glue_7)
 .glue_7        0x0000000008006138        0x0 linker stubs
 *(.glue_7t)
 .glue_7t       0x0000000008006138        0x0 linker stubs
 *(.eh_frame)
 .eh_frame      0x0000000008006138        0x0 c:/st/stm32cubeide_1.12.0/stm32cubeide/plugins/com.st.stm32cube.ide.mcu.externaltools.gnu-tools-for-stm32.10.3-2021.10.win32_1.0.200.202301161003/tools/bin/../lib/gcc/arm-none-eabi/10.3.1/thumb/v7e-m+fp/hard/crtbegin.o
 *(.init)
 .init          0x0000000008006138        0x4 c:/st/stm32cubeide_1.12.0/stm32cubeide/plugins/com.st.stm32cube.ide.mcu.externaltools.gnu-tools-for-stm32.10.3-2021.10.win32_1.0.200.202301161003/tools/bin/../lib/gcc/arm-none-eabi/10.3.1/thumb/v7e-m+fp/hard/crti.o
                0x0000000008006138                _init
 .init          0x000000000800613c        0x8 c:/st/stm32cubeide_1.12.0/stm32cubeide/plugins/com.st.stm32cube.ide.mcu.externaltools.gnu-tools-for-stm32.10.3-2021.10.win32_1.0.200.202301161003/tools/bin/../lib/gcc/arm-none-eabi/10.3.1/thumb/v7e-m+fp/hard/crtn.o
 *(.fini)
 .fini          0x0000000008006144        0x4 c:/st/stm32cubeide_1.12.0/stm32cubeide/plugins/com.st.stm32cube.ide.mcu.externaltools.gnu-tools-for-stm32.10.3-2021.10.win32_1.0.200.202301161003/tools/bin/../lib/gcc/arm-none-eabi/10.3.1/thumb/v7e-m+fp/hard/crti.o
                0x0000000008006144                _fini
 .fini          0x0000000008006148        0x8 c:/st/stm32cubeide_1.12.0/stm32cubeide/plugins/com.st.stm32cube.ide.mcu.externaltools.gnu-tools-for-stm32.10.3-2021.10.win32_1.0.200.202301161003/tools/bin/../lib/gcc/arm-none-eabi/10.3.1/thumb/v7e-m+fp/hard/crtn.o
                0x0000000008006150                . = ALIGN (0x4)
                0x0000000008006150                _etext = .

.vfp11_veneer   0x0000000008006150        0x0
 .vfp11_veneer  0x0000000008006150        0x0 linker stubs

.v4_bx          0x0000000008006150        0x0
 .v4_bx         0x0000000008006150        0x0 linker stubs

.iplt           0x0000000008006150        0x0
 .iplt          0x0000000008006150        0x0 c:/st/stm32cubeide_1.12.0/stm32cubeide/plugins/com.st.stm32cube.ide.mcu.externaltools.gnu-tools-for-stm32.10.3-2021.10.win32_1.0.200.202301161003/tools/bin/../lib/gcc/arm-none-eabi/10.3.1/thumb/v7e-m+fp/hard/crtbegin.o

.rodata         0x0000000008006150      0x90c
                0x0000000008006150                . = ALIGN (0x4)
 *(.rodata)
 .rodata        0x0000000008006150      0x295 ./Core/Src/main.o
 *(.rodata*)
 *fill*         0x00000000080063e5        0x3 
 .rodata.Font6x8
                0x00000000080063e8      0x5f0 ./Core/Src/fonts.o
                0x00000000080063e8                Font6x8
 .rodata.keyboard
                0x00000000080069d8       0x30 ./Core/Src/main.o
                0x00000000080069d8                keyboard
 .rodata.AHBPrescTable
                0x0000000008006a08       0x10 ./Core/Src/system_stm32f4xx.o
                0x0000000008006a08                AHBPrescTable
 .rodata.APBPrescTable
                0x0000000008006a18        0x8 ./Core/Src/system_stm32f4xx.o
                0x0000000008006a18                APBPrescTable
 .rodata.flagBitshiftOffset.0
                0x0000000008006a20        0x8 ./Drivers/STM32F4xx_HAL_Driver/Src/stm32f4xx_hal_dma.o
 .rodata._svfprintf_r.str1.1
                0x0000000008006a28       0x11 c:/st/stm32cubeide_1.12.0/stm32cubeide/plugins/com.st.stm32cube.ide.mcu.externaltools.gnu-tools-for-stm32.10.3-2021.10.win32_1.0.200.202301161003/tools/bin/../lib/gcc/arm-none-eabi/10.3.1/../../../../arm-none-eabi/lib/thumb/v7e-m+fp/hard\libc_nano.a(lib_a-nano-svfprintf.o)
 .rodata._printf_i.str1.1
                0x0000000008006a39       0x22 c:/st/stm32cubeide_1.12.0/stm32cubeide/plugins/com.st.stm32cube.ide.mcu.externaltools.gnu-tools-for-stm32.10.3-2021.10.win32_1.0.200.202301161003/tools/bin/../lib/gcc/arm-none-eabi/10.3.1/../../../../arm-none-eabi/lib/thumb/v7e-m+fp/hard\libc_nano.a(lib_a-nano-vfprintf_i.o)
                0x0000000008006a5c                . = ALIGN (0x4)
 *fill*         0x0000000008006a5b        0x1 

.ARM.extab      0x0000000008006a5c        0x0
                0x0000000008006a5c                . = ALIGN (0x4)
 *(.ARM.extab* .gnu.linkonce.armextab.*)
                0x0000000008006a5c                . = ALIGN (0x4)

.ARM            0x0000000008006a5c        0x8
                0x0000000008006a5c                . = ALIGN (0x4)
                0x0000000008006a5c                __exidx_start = .
 *(.ARM.exidx*)
 .ARM.exidx     0x0000000008006a5c        0x8 c:/st/stm32cubeide_1.12.0/stm32cubeide/plugins/com.st.stm32cube.ide.mcu.externaltools.gnu-tools-for-stm32.10.3-2021.10.win32_1.0.200.202301161003/tools/bin/../lib/gcc/arm-none-eabi/10.3.1/thumb/v7e-m+fp/hard\libgcc.a(_udivmoddi4.o)
                0x0000000008006a64                __exidx_end = .
                0x0000000008006a64                . = ALIGN (0x4)

.rel.dyn        0x0000000008006a64        0x0
 .rel.iplt      0x0000000008006a64        0x0 c:/st/stm32cubeide_1.12.0/stm32cubeide/plugins/com.st.stm32cube.ide.mcu.externaltools.gnu-tools-for-stm32.10.3-2021.10.win32_1.0.200.202301161003/tools/bin/../lib/gcc/arm-none-eabi/10.3.1/thumb/v7e-m+fp/hard/crtbegin.o

.preinit_array  0x0000000008006a64        0x0
                0x0000000008006a64                . = ALIGN (0x4)
                0x0000000008006a64                PROVIDE (__preinit_array_start = .)
 *(.preinit_array*)
                0x0000000008006a64                PROVIDE (__preinit_array_end = .)
                0x0000000008006a64                . = ALIGN (0x4)

.init_array     0x0000000008006a64        0x4
                0x0000000008006a64                . = ALIGN (0x4)
                0x0000000008006a64                PROVIDE (__init_array_start = .)
 *(SORT_BY_NAME(.init_array.*))
 *(.init_array*)
 .init_array    0x0000000008006a64        0x4 c:/st/stm32cubeide_1.12.0/stm32cubeide/plugins/com.st.stm32cube.ide.mcu.externaltools.gnu-tools-for-stm32.10.3-2021.10.win32_1.0.200.202301161003/tools/bin/../lib/gcc/arm-none-eabi/10.3.1/thumb/v7e-m+fp/hard/crtbegin.o
                0x0000000008006a68                PROVIDE (__init_array_end = .)
                0x0000000008006a68                . = ALIGN (0x4)

.fini_array     0x0000000008006a68        0x4
                0x0000000008006a68                . = ALIGN (0x4)
                [!provide]                        PROVIDE (__fini_array_start = .)
 *(SORT_BY_NAME(.fini_array.*))
 *(.fini_array*)
 .fini_array    0x0000000008006a68        0x4 c:/st/stm32cubeide_1.12.0/stm32cubeide/plugins/com.st.stm32cube.ide.mcu.externaltools.gnu-tools-for-stm32.10.3-2021.10.win32_1.0.200.202301161003/tools/bin/../lib/gcc/arm-none-eabi/10.3.1/thumb/v7e-m+fp/hard/crtbegin.o
                [!provide]                        PROVIDE (__fini_array_end = .)
                0x0000000008006a6c                . = ALIGN (0x4)
                0x0000000008006a6c                _sidata = LOADADDR (.data)

.data           0x0000000020000000       0xd8 load address 0x0000000008006a6c
                0x0000000020000000                . = ALIGN (0x4)
                0x0000000020000000                _sdata = .
 *(.data)
 *(.data*)
 .data.Font_6x8
                0x0000000020000000        0x8 ./Core/Src/fonts.o
                0x0000000020000000                Font_6x8
 .data.use      0x0000000020000008        0x1 ./Core/Src/main.o
                0x0000000020000008                use
 .data.Cursor   0x0000000020000009        0x1 ./Core/Src/main.o
                0x0000000020000009                Cursor
 .data.Cursor_H
                0x000000002000000a        0x1 ./Core/Src/main.o
                0x000000002000000a                Cursor_H
 *fill*         0x000000002000000b        0x1 
 .data.md_max   0x000000002000000c        0x4 ./Core/Src/main.o
                0x000000002000000c                md_max
 .data.md_now   0x0000000020000010        0x4 ./Core/Src/main.o
                0x0000000020000010                md_now
 .data.TIME     0x0000000020000014       0x18 ./Core/Src/main.o
                0x0000000020000014                TIME
 .data.PS       0x000000002000002c       0x10 ./Core/Src/main.o
                0x000000002000002c                PS
 .data.DISEASE  0x000000002000003c       0x14 ./Core/Src/main.o
                0x000000002000003c                DISEASE
 .data.LASTDAY  0x0000000020000050        0xd ./Core/Src/main.o
                0x0000000020000050                LASTDAY
 *fill*         0x000000002000005d        0x3 
 .data.set_time
                0x0000000020000060        0x6 ./Core/Src/main.o
                0x0000000020000060                set_time
 *fill*         0x0000000020000066        0x2 
 .data.SystemCoreClock
                0x0000000020000068        0x4 ./Core/Src/system_stm32f4xx.o
                0x0000000020000068                SystemCoreClock
 .data.uwTickPrio
                0x000000002000006c        0x4 ./Drivers/STM32F4xx_HAL_Driver/Src/stm32f4xx_hal.o
                0x000000002000006c                uwTickPrio
 .data.uwTickFreq
                0x0000000020000070        0x1 ./Drivers/STM32F4xx_HAL_Driver/Src/stm32f4xx_hal.o
                0x0000000020000070                uwTickFreq
 *fill*         0x0000000020000071        0x3 
 .data._impure_ptr
                0x0000000020000074        0x4 c:/st/stm32cubeide_1.12.0/stm32cubeide/plugins/com.st.stm32cube.ide.mcu.externaltools.gnu-tools-for-stm32.10.3-2021.10.win32_1.0.200.202301161003/tools/bin/../lib/gcc/arm-none-eabi/10.3.1/../../../../arm-none-eabi/lib/thumb/v7e-m+fp/hard\libc_nano.a(lib_a-impure.o)
                0x0000000020000074                _impure_ptr
 .data.impure_data
                0x0000000020000078       0x60 c:/st/stm32cubeide_1.12.0/stm32cubeide/plugins/com.st.stm32cube.ide.mcu.externaltools.gnu-tools-for-stm32.10.3-2021.10.win32_1.0.200.202301161003/tools/bin/../lib/gcc/arm-none-eabi/10.3.1/../../../../arm-none-eabi/lib/thumb/v7e-m+fp/hard\libc_nano.a(lib_a-impure.o)
 *(.RamFunc)
 *(.RamFunc*)
                0x00000000200000d8                . = ALIGN (0x4)
                0x00000000200000d8                _edata = .

.igot.plt       0x00000000200000d8        0x0 load address 0x0000000008006b44
 .igot.plt      0x00000000200000d8        0x0 c:/st/stm32cubeide_1.12.0/stm32cubeide/plugins/com.st.stm32cube.ide.mcu.externaltools.gnu-tools-for-stm32.10.3-2021.10.win32_1.0.200.202301161003/tools/bin/../lib/gcc/arm-none-eabi/10.3.1/thumb/v7e-m+fp/hard/crtbegin.o
                0x00000000200000d8                . = ALIGN (0x4)

.bss            0x00000000200000d8      0x604 load address 0x0000000008006b44
                0x00000000200000d8                _sbss = .
                0x00000000200000d8                __bss_start__ = _sbss
 *(.bss)
 .bss           0x00000000200000d8       0x1c c:/st/stm32cubeide_1.12.0/stm32cubeide/plugins/com.st.stm32cube.ide.mcu.externaltools.gnu-tools-for-stm32.10.3-2021.10.win32_1.0.200.202301161003/tools/bin/../lib/gcc/arm-none-eabi/10.3.1/thumb/v7e-m+fp/hard/crtbegin.o
 *(.bss*)
 .bss.hadc1     0x00000000200000f4       0x48 ./Core/Src/main.o
                0x00000000200000f4                hadc1
 .bss.hdma_adc1
                0x000000002000013c       0x60 ./Core/Src/main.o
                0x000000002000013c                hdma_adc1
 .bss.hi2c1     0x000000002000019c       0x54 ./Core/Src/main.o
                0x000000002000019c                hi2c1
 .bss.adc_value
                0x00000000200001f0        0x4 ./Core/Src/main.o
                0x00000000200001f0                adc_value
 .bss.cnt       0x00000000200001f4        0x2 ./Core/Src/main.o
                0x00000000200001f4                cnt
 .bss.joy_delay1
                0x00000000200001f6        0x2 ./Core/Src/main.o
                0x00000000200001f6                joy_delay1
 .bss.joy_delay2
                0x00000000200001f8        0x2 ./Core/Src/main.o
                0x00000000200001f8                joy_delay2
 .bss.joystick  0x00000000200001fa        0x1 ./Core/Src/main.o
                0x00000000200001fa                joystick
 .bss.sys       0x00000000200001fb        0x1 ./Core/Src/main.o
                0x00000000200001fb                sys
 .bss.init_block
                0x00000000200001fc        0x1 ./Core/Src/main.o
                0x00000000200001fc                init_block
 .bss.room_sel  0x00000000200001fd        0x1 ./Core/Src/main.o
                0x00000000200001fd                room_sel
 .bss.dis_sel   0x00000000200001fe        0x1 ./Core/Src/main.o
                0x00000000200001fe                dis_sel
 .bss.joy_old   0x00000000200001ff        0x1 ./Core/Src/main.o
                0x00000000200001ff                joy_old
 .bss.time_C    0x0000000020000200        0x1 ./Core/Src/main.o
                0x0000000020000200                time_C
 .bss.Cursor_P  0x0000000020000201        0x1 ./Core/Src/main.o
                0x0000000020000201                Cursor_P
 *fill*         0x0000000020000202        0x2 
 .bss.bf        0x0000000020000204       0x1e ./Core/Src/main.o
                0x0000000020000204                bf
 *fill*         0x0000000020000222        0x2 
 .bss.keyboard_mem
                0x0000000020000224        0xb ./Core/Src/main.o
                0x0000000020000224                keyboard_mem
 *fill*         0x000000002000022f        0x1 
 .bss.LED_status
                0x0000000020000230        0x4 ./Core/Src/main.o
                0x0000000020000230                LED_status
 .bss.pati_save
                0x0000000020000234       0x85 ./Core/Src/main.o
                0x0000000020000234                pati_save
 .bss.count.2   0x00000000200002b9        0x1 ./Core/Src/main.o
 .bss.updown_sel.1
                0x00000000200002ba        0x1 ./Core/Src/main.o
 .bss.line_sel.0
                0x00000000200002bb        0x1 ./Core/Src/main.o
 .bss.SSD1306_Buffer
                0x00000000200002bc      0x400 ./Core/Src/ssd1306.o
 .bss.SSD1306   0x00000000200006bc        0x6 ./Core/Src/ssd1306.o
 *fill*         0x00000000200006c2        0x2 
 .bss.__sbrk_heap_end
                0x00000000200006c4        0x4 ./Core/Src/sysmem.o
 .bss.uwTick    0x00000000200006c8        0x4 ./Drivers/STM32F4xx_HAL_Driver/Src/stm32f4xx_hal.o
                0x00000000200006c8                uwTick
 .bss.__malloc_free_list
                0x00000000200006cc        0x4 c:/st/stm32cubeide_1.12.0/stm32cubeide/plugins/com.st.stm32cube.ide.mcu.externaltools.gnu-tools-for-stm32.10.3-2021.10.win32_1.0.200.202301161003/tools/bin/../lib/gcc/arm-none-eabi/10.3.1/../../../../arm-none-eabi/lib/thumb/v7e-m+fp/hard\libc_nano.a(lib_a-nano-mallocr.o)
                0x00000000200006cc                __malloc_free_list
 .bss.__malloc_sbrk_start
                0x00000000200006d0        0x4 c:/st/stm32cubeide_1.12.0/stm32cubeide/plugins/com.st.stm32cube.ide.mcu.externaltools.gnu-tools-for-stm32.10.3-2021.10.win32_1.0.200.202301161003/tools/bin/../lib/gcc/arm-none-eabi/10.3.1/../../../../arm-none-eabi/lib/thumb/v7e-m+fp/hard\libc_nano.a(lib_a-nano-mallocr.o)
                0x00000000200006d0                __malloc_sbrk_start
 .bss.errno     0x00000000200006d4        0x4 c:/st/stm32cubeide_1.12.0/stm32cubeide/plugins/com.st.stm32cube.ide.mcu.externaltools.gnu-tools-for-stm32.10.3-2021.10.win32_1.0.200.202301161003/tools/bin/../lib/gcc/arm-none-eabi/10.3.1/../../../../arm-none-eabi/lib/thumb/v7e-m+fp/hard\libc_nano.a(lib_a-reent.o)
                0x00000000200006d4                errno
 .bss.__lock___malloc_recursive_mutex
                0x00000000200006d8        0x1 c:/st/stm32cubeide_1.12.0/stm32cubeide/plugins/com.st.stm32cube.ide.mcu.externaltools.gnu-tools-for-stm32.10.3-2021.10.win32_1.0.200.202301161003/tools/bin/../lib/gcc/arm-none-eabi/10.3.1/../../../../arm-none-eabi/lib/thumb/v7e-m+fp/hard\libc_nano.a(lib_a-lock.o)
                0x00000000200006d8                __lock___malloc_recursive_mutex
 *(COMMON)
                0x00000000200006dc                . = ALIGN (0x4)
 *fill*         0x00000000200006d9        0x3 
                0x00000000200006dc                _ebss = .
                0x00000000200006dc                __bss_end__ = _ebss

._user_heap_stack
                0x00000000200006dc      0x604 load address 0x0000000008006b44
                0x00000000200006e0                . = ALIGN (0x8)
 *fill*         0x00000000200006dc        0x4 
                [!provide]                        PROVIDE (end = .)
                0x00000000200006e0                PROVIDE (_end = .)
                0x00000000200008e0                . = (. + _Min_Heap_Size)
 *fill*         0x00000000200006e0      0x200 
                0x0000000020000ce0                . = (. + _Min_Stack_Size)
 *fill*         0x00000000200008e0      0x400 
                0x0000000020000ce0                . = ALIGN (0x8)

/DISCARD/
 libc.a(*)
 libm.a(*)
 libgcc.a(*)

.ARM.attributes
                0x0000000000000000       0x30
 *(.ARM.attributes)
 .ARM.attributes
                0x0000000000000000       0x1e c:/st/stm32cubeide_1.12.0/stm32cubeide/plugins/com.st.stm32cube.ide.mcu.externaltools.gnu-tools-for-stm32.10.3-2021.10.win32_1.0.200.202301161003/tools/bin/../lib/gcc/arm-none-eabi/10.3.1/thumb/v7e-m+fp/hard/crti.o
 .ARM.attributes
                0x000000000000001e       0x34 c:/st/stm32cubeide_1.12.0/stm32cubeide/plugins/com.st.stm32cube.ide.mcu.externaltools.gnu-tools-for-stm32.10.3-2021.10.win32_1.0.200.202301161003/tools/bin/../lib/gcc/arm-none-eabi/10.3.1/thumb/v7e-m+fp/hard/crtbegin.o
 .ARM.attributes
                0x0000000000000052       0x34 ./Core/Src/DS3231.o
 .ARM.attributes
                0x0000000000000086       0x34 ./Core/Src/fonts.o
 .ARM.attributes
                0x00000000000000ba       0x34 ./Core/Src/main.o
 .ARM.attributes
                0x00000000000000ee       0x34 ./Core/Src/ssd1306.o
 .ARM.attributes
                0x0000000000000122       0x34 ./Core/Src/stm32f4xx_hal_msp.o
 .ARM.attributes
                0x0000000000000156       0x34 ./Core/Src/stm32f4xx_it.o
 .ARM.attributes
                0x000000000000018a       0x34 ./Core/Src/sysmem.o
 .ARM.attributes
                0x00000000000001be       0x34 ./Core/Src/system_stm32f4xx.o
 .ARM.attributes
                0x00000000000001f2       0x21 ./Core/Startup/startup_stm32f411ceux.o
 .ARM.attributes
                0x0000000000000213       0x34 ./Drivers/STM32F4xx_HAL_Driver/Src/stm32f4xx_hal.o
 .ARM.attributes
                0x0000000000000247       0x34 ./Drivers/STM32F4xx_HAL_Driver/Src/stm32f4xx_hal_adc.o
 .ARM.attributes
                0x000000000000027b       0x34 ./Drivers/STM32F4xx_HAL_Driver/Src/stm32f4xx_hal_cortex.o
 .ARM.attributes
                0x00000000000002af       0x34 ./Drivers/STM32F4xx_HAL_Driver/Src/stm32f4xx_hal_dma.o
 .ARM.attributes
                0x00000000000002e3       0x34 ./Drivers/STM32F4xx_HAL_Driver/Src/stm32f4xx_hal_gpio.o
 .ARM.attributes
                0x0000000000000317       0x34 ./Drivers/STM32F4xx_HAL_Driver/Src/stm32f4xx_hal_i2c.o
 .ARM.attributes
                0x000000000000034b       0x34 ./Drivers/STM32F4xx_HAL_Driver/Src/stm32f4xx_hal_rcc.o
 .ARM.attributes
                0x000000000000037f       0x34 c:/st/stm32cubeide_1.12.0/stm32cubeide/plugins/com.st.stm32cube.ide.mcu.externaltools.gnu-tools-for-stm32.10.3-2021.10.win32_1.0.200.202301161003/tools/bin/../lib/gcc/arm-none-eabi/10.3.1/../../../../arm-none-eabi/lib/thumb/v7e-m+fp/hard\libc_nano.a(lib_a-errno.o)
 .ARM.attributes
                0x00000000000003b3       0x34 c:/st/stm32cubeide_1.12.0/stm32cubeide/plugins/com.st.stm32cube.ide.mcu.externaltools.gnu-tools-for-stm32.10.3-2021.10.win32_1.0.200.202301161003/tools/bin/../lib/gcc/arm-none-eabi/10.3.1/../../../../arm-none-eabi/lib/thumb/v7e-m+fp/hard\libc_nano.a(lib_a-impure.o)
 .ARM.attributes
                0x00000000000003e7       0x34 c:/st/stm32cubeide_1.12.0/stm32cubeide/plugins/com.st.stm32cube.ide.mcu.externaltools.gnu-tools-for-stm32.10.3-2021.10.win32_1.0.200.202301161003/tools/bin/../lib/gcc/arm-none-eabi/10.3.1/../../../../arm-none-eabi/lib/thumb/v7e-m+fp/hard\libc_nano.a(lib_a-init.o)
 .ARM.attributes
                0x000000000000041b       0x34 c:/st/stm32cubeide_1.12.0/stm32cubeide/plugins/com.st.stm32cube.ide.mcu.externaltools.gnu-tools-for-stm32.10.3-2021.10.win32_1.0.200.202301161003/tools/bin/../lib/gcc/arm-none-eabi/10.3.1/../../../../arm-none-eabi/lib/thumb/v7e-m+fp/hard\libc_nano.a(lib_a-memset.o)
 .ARM.attributes
                0x000000000000044f       0x34 c:/st/stm32cubeide_1.12.0/stm32cubeide/plugins/com.st.stm32cube.ide.mcu.externaltools.gnu-tools-for-stm32.10.3-2021.10.win32_1.0.200.202301161003/tools/bin/../lib/gcc/arm-none-eabi/10.3.1/../../../../arm-none-eabi/lib/thumb/v7e-m+fp/hard\libc_nano.a(lib_a-sprintf.o)
 .ARM.attributes
                0x0000000000000483       0x34 c:/st/stm32cubeide_1.12.0/stm32cubeide/plugins/com.st.stm32cube.ide.mcu.externaltools.gnu-tools-for-stm32.10.3-2021.10.win32_1.0.200.202301161003/tools/bin/../lib/gcc/arm-none-eabi/10.3.1/../../../../arm-none-eabi/lib/thumb/v7e-m+fp/hard\libc_nano.a(lib_a-strcat.o)
 .ARM.attributes
                0x00000000000004b7       0x34 c:/st/stm32cubeide_1.12.0/stm32cubeide/plugins/com.st.stm32cube.ide.mcu.externaltools.gnu-tools-for-stm32.10.3-2021.10.win32_1.0.200.202301161003/tools/bin/../lib/gcc/arm-none-eabi/10.3.1/../../../../arm-none-eabi/lib/thumb/v7e-m+fp/hard\libc_nano.a(lib_a-nano-svfprintf.o)
 .ARM.attributes
                0x00000000000004eb       0x34 c:/st/stm32cubeide_1.12.0/stm32cubeide/plugins/com.st.stm32cube.ide.mcu.externaltools.gnu-tools-for-stm32.10.3-2021.10.win32_1.0.200.202301161003/tools/bin/../lib/gcc/arm-none-eabi/10.3.1/../../../../arm-none-eabi/lib/thumb/v7e-m+fp/hard\libc_nano.a(lib_a-nano-vfprintf_i.o)
 .ARM.attributes
                0x000000000000051f       0x1c c:/st/stm32cubeide_1.12.0/stm32cubeide/plugins/com.st.stm32cube.ide.mcu.externaltools.gnu-tools-for-stm32.10.3-2021.10.win32_1.0.200.202301161003/tools/bin/../lib/gcc/arm-none-eabi/10.3.1/../../../../arm-none-eabi/lib/thumb/v7e-m+fp/hard\libc_nano.a(lib_a-memchr.o)
 .ARM.attributes
                0x000000000000053b       0x34 c:/st/stm32cubeide_1.12.0/stm32cubeide/plugins/com.st.stm32cube.ide.mcu.externaltools.gnu-tools-for-stm32.10.3-2021.10.win32_1.0.200.202301161003/tools/bin/../lib/gcc/arm-none-eabi/10.3.1/../../../../arm-none-eabi/lib/thumb/v7e-m+fp/hard\libc_nano.a(lib_a-memcpy-stub.o)
 .ARM.attributes
                0x000000000000056f       0x34 c:/st/stm32cubeide_1.12.0/stm32cubeide/plugins/com.st.stm32cube.ide.mcu.externaltools.gnu-tools-for-stm32.10.3-2021.10.win32_1.0.200.202301161003/tools/bin/../lib/gcc/arm-none-eabi/10.3.1/../../../../arm-none-eabi/lib/thumb/v7e-m+fp/hard\libc_nano.a(lib_a-memmove.o)
 .ARM.attributes
                0x00000000000005a3       0x34 c:/st/stm32cubeide_1.12.0/stm32cubeide/plugins/com.st.stm32cube.ide.mcu.externaltools.gnu-tools-for-stm32.10.3-2021.10.win32_1.0.200.202301161003/tools/bin/../lib/gcc/arm-none-eabi/10.3.1/../../../../arm-none-eabi/lib/thumb/v7e-m+fp/hard\libc_nano.a(lib_a-nano-freer.o)
 .ARM.attributes
                0x00000000000005d7       0x34 c:/st/stm32cubeide_1.12.0/stm32cubeide/plugins/com.st.stm32cube.ide.mcu.externaltools.gnu-tools-for-stm32.10.3-2021.10.win32_1.0.200.202301161003/tools/bin/../lib/gcc/arm-none-eabi/10.3.1/../../../../arm-none-eabi/lib/thumb/v7e-m+fp/hard\libc_nano.a(lib_a-nano-mallocr.o)
 .ARM.attributes
                0x000000000000060b       0x34 c:/st/stm32cubeide_1.12.0/stm32cubeide/plugins/com.st.stm32cube.ide.mcu.externaltools.gnu-tools-for-stm32.10.3-2021.10.win32_1.0.200.202301161003/tools/bin/../lib/gcc/arm-none-eabi/10.3.1/../../../../arm-none-eabi/lib/thumb/v7e-m+fp/hard\libc_nano.a(lib_a-nano-reallocr.o)
 .ARM.attributes
                0x000000000000063f       0x34 c:/st/stm32cubeide_1.12.0/stm32cubeide/plugins/com.st.stm32cube.ide.mcu.externaltools.gnu-tools-for-stm32.10.3-2021.10.win32_1.0.200.202301161003/tools/bin/../lib/gcc/arm-none-eabi/10.3.1/../../../../arm-none-eabi/lib/thumb/v7e-m+fp/hard\libc_nano.a(lib_a-sbrkr.o)
 .ARM.attributes
                0x0000000000000673       0x34 c:/st/stm32cubeide_1.12.0/stm32cubeide/plugins/com.st.stm32cube.ide.mcu.externaltools.gnu-tools-for-stm32.10.3-2021.10.win32_1.0.200.202301161003/tools/bin/../lib/gcc/arm-none-eabi/10.3.1/../../../../arm-none-eabi/lib/thumb/v7e-m+fp/hard\libc_nano.a(lib_a-mlock.o)
 .ARM.attributes
                0x00000000000006a7       0x34 c:/st/stm32cubeide_1.12.0/stm32cubeide/plugins/com.st.stm32cube.ide.mcu.externaltools.gnu-tools-for-stm32.10.3-2021.10.win32_1.0.200.202301161003/tools/bin/../lib/gcc/arm-none-eabi/10.3.1/../../../../arm-none-eabi/lib/thumb/v7e-m+fp/hard\libc_nano.a(lib_a-nano-msizer.o)
 .ARM.attributes
                0x00000000000006db       0x34 c:/st/stm32cubeide_1.12.0/stm32cubeide/plugins/com.st.stm32cube.ide.mcu.externaltools.gnu-tools-for-stm32.10.3-2021.10.win32_1.0.200.202301161003/tools/bin/../lib/gcc/arm-none-eabi/10.3.1/../../../../arm-none-eabi/lib/thumb/v7e-m+fp/hard\libc_nano.a(lib_a-reent.o)
 .ARM.attributes
                0x000000000000070f       0x34 c:/st/stm32cubeide_1.12.0/stm32cubeide/plugins/com.st.stm32cube.ide.mcu.externaltools.gnu-tools-for-stm32.10.3-2021.10.win32_1.0.200.202301161003/tools/bin/../lib/gcc/arm-none-eabi/10.3.1/../../../../arm-none-eabi/lib/thumb/v7e-m+fp/hard\libc_nano.a(lib_a-lock.o)
 .ARM.attributes
                0x0000000000000743       0x1e c:/st/stm32cubeide_1.12.0/stm32cubeide/plugins/com.st.stm32cube.ide.mcu.externaltools.gnu-tools-for-stm32.10.3-2021.10.win32_1.0.200.202301161003/tools/bin/../lib/gcc/arm-none-eabi/10.3.1/thumb/v7e-m+fp/hard\libgcc.a(_aeabi_uldivmod.o)
 .ARM.attributes
                0x0000000000000761       0x34 c:/st/stm32cubeide_1.12.0/stm32cubeide/plugins/com.st.stm32cube.ide.mcu.externaltools.gnu-tools-for-stm32.10.3-2021.10.win32_1.0.200.202301161003/tools/bin/../lib/gcc/arm-none-eabi/10.3.1/thumb/v7e-m+fp/hard\libgcc.a(_udivmoddi4.o)
 .ARM.attributes
                0x0000000000000795       0x1e c:/st/stm32cubeide_1.12.0/stm32cubeide/plugins/com.st.stm32cube.ide.mcu.externaltools.gnu-tools-for-stm32.10.3-2021.10.win32_1.0.200.202301161003/tools/bin/../lib/gcc/arm-none-eabi/10.3.1/thumb/v7e-m+fp/hard\libgcc.a(_dvmd_tls.o)
 .ARM.attributes
                0x00000000000007b3       0x1e c:/st/stm32cubeide_1.12.0/stm32cubeide/plugins/com.st.stm32cube.ide.mcu.externaltools.gnu-tools-for-stm32.10.3-2021.10.win32_1.0.200.202301161003/tools/bin/../lib/gcc/arm-none-eabi/10.3.1/thumb/v7e-m+fp/hard/crtn.o
OUTPUT(patient management system.elf elf32-littlearm)
LOAD linker stubs
LOAD c:/st/stm32cubeide_1.12.0/stm32cubeide/plugins/com.st.stm32cube.ide.mcu.externaltools.gnu-tools-for-stm32.10.3-2021.10.win32_1.0.200.202301161003/tools/bin/../lib/gcc/arm-none-eabi/10.3.1/../../../../arm-none-eabi/lib/thumb/v7e-m+fp/hard\libc.a
LOAD c:/st/stm32cubeide_1.12.0/stm32cubeide/plugins/com.st.stm32cube.ide.mcu.externaltools.gnu-tools-for-stm32.10.3-2021.10.win32_1.0.200.202301161003/tools/bin/../lib/gcc/arm-none-eabi/10.3.1/../../../../arm-none-eabi/lib/thumb/v7e-m+fp/hard\libm.a
LOAD c:/st/stm32cubeide_1.12.0/stm32cubeide/plugins/com.st.stm32cube.ide.mcu.externaltools.gnu-tools-for-stm32.10.3-2021.10.win32_1.0.200.202301161003/tools/bin/../lib/gcc/arm-none-eabi/10.3.1/thumb/v7e-m+fp/hard\libgcc.a

.debug_info     0x0000000000000000     0xb453
 .debug_info    0x0000000000000000      0x7eb ./Core/Src/DS3231.o
 .debug_info    0x00000000000007eb      0x2be ./Core/Src/fonts.o
 .debug_info    0x0000000000000aa9     0x1b93 ./Core/Src/main.o
 .debug_info    0x000000000000263c     0x1161 ./Core/Src/ssd1306.o
 .debug_info    0x000000000000379d      0xd7f ./Core/Src/stm32f4xx_hal_msp.o
 .debug_info    0x000000000000451c      0x3e4 ./Core/Src/stm32f4xx_it.o
 .debug_info    0x0000000000004900      0x171 ./Core/Src/sysmem.o
 .debug_info    0x0000000000004a71      0x54f ./Core/Src/system_stm32f4xx.o
 .debug_info    0x0000000000004fc0       0x22 ./Core/Startup/startup_stm32f411ceux.o
 .debug_info    0x0000000000004fe2      0x90d ./Drivers/STM32F4xx_HAL_Driver/Src/stm32f4xx_hal.o
 .debug_info    0x00000000000058ef      0xd68 ./Drivers/STM32F4xx_HAL_Driver/Src/stm32f4xx_hal_adc.o
 .debug_info    0x0000000000006657      0xd8b ./Drivers/STM32F4xx_HAL_Driver/Src/stm32f4xx_hal_cortex.o
 .debug_info    0x00000000000073e2      0x947 ./Drivers/STM32F4xx_HAL_Driver/Src/stm32f4xx_hal_dma.o
 .debug_info    0x0000000000007d29      0x78e ./Drivers/STM32F4xx_HAL_Driver/Src/stm32f4xx_hal_gpio.o
 .debug_info    0x00000000000084b7     0x260f ./Drivers/STM32F4xx_HAL_Driver/Src/stm32f4xx_hal_i2c.o
 .debug_info    0x000000000000aac6      0x98d ./Drivers/STM32F4xx_HAL_Driver/Src/stm32f4xx_hal_rcc.o

.debug_abbrev   0x0000000000000000     0x1f0d
 .debug_abbrev  0x0000000000000000      0x1a6 ./Core/Src/DS3231.o
 .debug_abbrev  0x00000000000001a6      0x124 ./Core/Src/fonts.o
 .debug_abbrev  0x00000000000002ca      0x3cd ./Core/Src/main.o
 .debug_abbrev  0x0000000000000697      0x309 ./Core/Src/ssd1306.o
 .debug_abbrev  0x00000000000009a0      0x1d1 ./Core/Src/stm32f4xx_hal_msp.o
 .debug_abbrev  0x0000000000000b71      0x130 ./Core/Src/stm32f4xx_it.o
 .debug_abbrev  0x0000000000000ca1       0xbb ./Core/Src/sysmem.o
 .debug_abbrev  0x0000000000000d5c      0x116 ./Core/Src/system_stm32f4xx.o
 .debug_abbrev  0x0000000000000e72       0x12 ./Core/Startup/startup_stm32f411ceux.o
 .debug_abbrev  0x0000000000000e84      0x23e ./Drivers/STM32F4xx_HAL_Driver/Src/stm32f4xx_hal.o
 .debug_abbrev  0x00000000000010c2      0x204 ./Drivers/STM32F4xx_HAL_Driver/Src/stm32f4xx_hal_adc.o
 .debug_abbrev  0x00000000000012c6      0x316 ./Drivers/STM32F4xx_HAL_Driver/Src/stm32f4xx_hal_cortex.o
 .debug_abbrev  0x00000000000015dc      0x21b ./Drivers/STM32F4xx_HAL_Driver/Src/stm32f4xx_hal_dma.o
 .debug_abbrev  0x00000000000017f7      0x1c4 ./Drivers/STM32F4xx_HAL_Driver/Src/stm32f4xx_hal_gpio.o
 .debug_abbrev  0x00000000000019bb      0x2a8 ./Drivers/STM32F4xx_HAL_Driver/Src/stm32f4xx_hal_i2c.o
 .debug_abbrev  0x0000000000001c63      0x2aa ./Drivers/STM32F4xx_HAL_Driver/Src/stm32f4xx_hal_rcc.o

.debug_aranges  0x0000000000000000      0xa38
 .debug_aranges
                0x0000000000000000       0x38 ./Core/Src/DS3231.o
 .debug_aranges
                0x0000000000000038       0x20 ./Core/Src/fonts.o
 .debug_aranges
                0x0000000000000058       0xd0 ./Core/Src/main.o
 .debug_aranges
                0x0000000000000128       0xf8 ./Core/Src/ssd1306.o
 .debug_aranges
                0x0000000000000220       0x40 ./Core/Src/stm32f4xx_hal_msp.o
 .debug_aranges
                0x0000000000000260       0x68 ./Core/Src/stm32f4xx_it.o
 .debug_aranges
                0x00000000000002c8       0x20 ./Core/Src/sysmem.o
 .debug_aranges
                0x00000000000002e8       0x28 ./Core/Src/system_stm32f4xx.o
 .debug_aranges
                0x0000000000000310       0x28 ./Core/Startup/startup_stm32f411ceux.o
 .debug_aranges
                0x0000000000000338       0xf0 ./Drivers/STM32F4xx_HAL_Driver/Src/stm32f4xx_hal.o
 .debug_aranges
                0x0000000000000428       0xe8 ./Drivers/STM32F4xx_HAL_Driver/Src/stm32f4xx_hal_adc.o
 .debug_aranges
                0x0000000000000510      0x118 ./Drivers/STM32F4xx_HAL_Driver/Src/stm32f4xx_hal_cortex.o
 .debug_aranges
                0x0000000000000628       0x90 ./Drivers/STM32F4xx_HAL_Driver/Src/stm32f4xx_hal_dma.o
 .debug_aranges
                0x00000000000006b8       0x58 ./Drivers/STM32F4xx_HAL_Driver/Src/stm32f4xx_hal_gpio.o
 .debug_aranges
                0x0000000000000710      0x2a0 ./Drivers/STM32F4xx_HAL_Driver/Src/stm32f4xx_hal_i2c.o
 .debug_aranges
                0x00000000000009b0       0x88 ./Drivers/STM32F4xx_HAL_Driver/Src/stm32f4xx_hal_rcc.o

.debug_ranges   0x0000000000000000      0x958
 .debug_ranges  0x0000000000000000       0x28 ./Core/Src/DS3231.o
 .debug_ranges  0x0000000000000028       0x10 ./Core/Src/fonts.o
 .debug_ranges  0x0000000000000038       0xc0 ./Core/Src/main.o
 .debug_ranges  0x00000000000000f8       0xe8 ./Core/Src/ssd1306.o
 .debug_ranges  0x00000000000001e0       0x30 ./Core/Src/stm32f4xx_hal_msp.o
 .debug_ranges  0x0000000000000210       0x58 ./Core/Src/stm32f4xx_it.o
 .debug_ranges  0x0000000000000268       0x10 ./Core/Src/sysmem.o
 .debug_ranges  0x0000000000000278       0x18 ./Core/Src/system_stm32f4xx.o
 .debug_ranges  0x0000000000000290       0x20 ./Core/Startup/startup_stm32f411ceux.o
 .debug_ranges  0x00000000000002b0       0xe0 ./Drivers/STM32F4xx_HAL_Driver/Src/stm32f4xx_hal.o
 .debug_ranges  0x0000000000000390       0xd8 ./Drivers/STM32F4xx_HAL_Driver/Src/stm32f4xx_hal_adc.o
 .debug_ranges  0x0000000000000468      0x108 ./Drivers/STM32F4xx_HAL_Driver/Src/stm32f4xx_hal_cortex.o
 .debug_ranges  0x0000000000000570       0x80 ./Drivers/STM32F4xx_HAL_Driver/Src/stm32f4xx_hal_dma.o
 .debug_ranges  0x00000000000005f0       0x48 ./Drivers/STM32F4xx_HAL_Driver/Src/stm32f4xx_hal_gpio.o
 .debug_ranges  0x0000000000000638      0x2a8 ./Drivers/STM32F4xx_HAL_Driver/Src/stm32f4xx_hal_i2c.o
 .debug_ranges  0x00000000000008e0       0x78 ./Drivers/STM32F4xx_HAL_Driver/Src/stm32f4xx_hal_rcc.o

.debug_macro    0x0000000000000000    0x178dd
 .debug_macro   0x0000000000000000      0x20f ./Core/Src/DS3231.o
 .debug_macro   0x000000000000020f      0xa78 ./Core/Src/DS3231.o
 .debug_macro   0x0000000000000c87      0x29b ./Core/Src/DS3231.o
 .debug_macro   0x0000000000000f22       0x2e ./Core/Src/DS3231.o
 .debug_macro   0x0000000000000f50       0x28 ./Core/Src/DS3231.o
 .debug_macro   0x0000000000000f78       0x22 ./Core/Src/DS3231.o
 .debug_macro   0x0000000000000f9a       0x8e ./Core/Src/DS3231.o
 .debug_macro   0x0000000000001028       0x51 ./Core/Src/DS3231.o
 .debug_macro   0x0000000000001079      0x103 ./Core/Src/DS3231.o
 .debug_macro   0x000000000000117c       0x6a ./Core/Src/DS3231.o
 .debug_macro   0x00000000000011e6      0x1df ./Core/Src/DS3231.o
 .debug_macro   0x00000000000013c5       0x1c ./Core/Src/DS3231.o
 .debug_macro   0x00000000000013e1       0x22 ./Core/Src/DS3231.o
 .debug_macro   0x0000000000001403       0xd9 ./Core/Src/DS3231.o
 .debug_macro   0x00000000000014dc     0x102d ./Core/Src/DS3231.o
 .debug_macro   0x0000000000002509      0x11f ./Core/Src/DS3231.o
 .debug_macro   0x0000000000002628     0xb953 ./Core/Src/DS3231.o
 .debug_macro   0x000000000000df7b       0x6d ./Core/Src/DS3231.o
 .debug_macro   0x000000000000dfe8     0x367e ./Core/Src/DS3231.o
 .debug_macro   0x0000000000011666      0x174 ./Core/Src/DS3231.o
 .debug_macro   0x00000000000117da       0x5c ./Core/Src/DS3231.o
 .debug_macro   0x0000000000011836      0x447 ./Core/Src/DS3231.o
 .debug_macro   0x0000000000011c7d      0x9fe ./Core/Src/DS3231.o
 .debug_macro   0x000000000001267b      0x115 ./Core/Src/DS3231.o
 .debug_macro   0x0000000000012790      0x11b ./Core/Src/DS3231.o
 .debug_macro   0x00000000000128ab       0xa5 ./Core/Src/DS3231.o
 .debug_macro   0x0000000000012950      0x15f ./Core/Src/DS3231.o
 .debug_macro   0x0000000000012aaf      0x287 ./Core/Src/DS3231.o
 .debug_macro   0x0000000000012d36       0x5f ./Core/Src/DS3231.o
 .debug_macro   0x0000000000012d95      0x236 ./Core/Src/DS3231.o
 .debug_macro   0x0000000000012fcb      0x9e1 ./Core/Src/DS3231.o
 .debug_macro   0x00000000000139ac      0x38b ./Core/Src/DS3231.o
 .debug_macro   0x0000000000013d37      0x17d ./Core/Src/DS3231.o
 .debug_macro   0x0000000000013eb4       0xf9 ./Core/Src/DS3231.o
 .debug_macro   0x0000000000013fad      0x132 ./Core/Src/DS3231.o
 .debug_macro   0x00000000000140df      0x264 ./Core/Src/DS3231.o
 .debug_macro   0x0000000000014343       0x2e ./Core/Src/DS3231.o
 .debug_macro   0x0000000000014371      0x1b5 ./Core/Src/DS3231.o
 .debug_macro   0x0000000000014526       0x22 ./Core/Src/DS3231.o
 .debug_macro   0x0000000000014548       0xd6 ./Core/Src/DS3231.o
 .debug_macro   0x000000000001461e      0x11a ./Core/Src/DS3231.o
 .debug_macro   0x0000000000014738       0x85 ./Core/Src/DS3231.o
 .debug_macro   0x00000000000147bd       0x89 ./Core/Src/DS3231.o
 .debug_macro   0x0000000000014846      0x126 ./Core/Src/DS3231.o
 .debug_macro   0x000000000001496c       0x7c ./Core/Src/DS3231.o
 .debug_macro   0x00000000000149e8       0x34 ./Core/Src/DS3231.o
 .debug_macro   0x0000000000014a1c      0x2c9 ./Core/Src/fonts.o
 .debug_macro   0x0000000000014ce5      0x126 ./Core/Src/fonts.o
 .debug_macro   0x0000000000014e0b       0x52 ./Core/Src/fonts.o
 .debug_macro   0x0000000000014e5d       0x1e ./Core/Src/fonts.o
 .debug_macro   0x0000000000014e7b       0x3c ./Core/Src/fonts.o
 .debug_macro   0x0000000000014eb7       0x34 ./Core/Src/fonts.o
 .debug_macro   0x0000000000014eeb       0x16 ./Core/Src/fonts.o
 .debug_macro   0x0000000000014f01       0x43 ./Core/Src/fonts.o
 .debug_macro   0x0000000000014f44       0x34 ./Core/Src/fonts.o
 .debug_macro   0x0000000000014f78       0x10 ./Core/Src/fonts.o
 .debug_macro   0x0000000000014f88       0x58 ./Core/Src/fonts.o
 .debug_macro   0x0000000000014fe0       0x71 ./Core/Src/fonts.o
 .debug_macro   0x0000000000015051       0x1c ./Core/Src/fonts.o
 .debug_macro   0x000000000001506d      0x12a ./Core/Src/fonts.o
 .debug_macro   0x0000000000015197      0x341 ./Core/Src/fonts.o
 .debug_macro   0x00000000000154d8       0x10 ./Core/Src/fonts.o
 .debug_macro   0x00000000000154e8       0x35 ./Core/Src/fonts.o
 .debug_macro   0x000000000001551d       0x20 ./Core/Src/fonts.o
 .debug_macro   0x000000000001553d      0x435 ./Core/Src/main.o
 .debug_macro   0x0000000000015972       0x16 ./Core/Src/main.o
 .debug_macro   0x0000000000015988       0x10 ./Core/Src/main.o
 .debug_macro   0x0000000000015998       0x10 ./Core/Src/main.o
 .debug_macro   0x00000000000159a8       0x1c ./Core/Src/main.o
 .debug_macro   0x00000000000159c4       0x52 ./Core/Src/main.o
 .debug_macro   0x0000000000015a16       0x22 ./Core/Src/main.o
 .debug_macro   0x0000000000015a38       0x10 ./Core/Src/main.o
 .debug_macro   0x0000000000015a48       0x52 ./Core/Src/main.o
 .debug_macro   0x0000000000015a9a       0xd5 ./Core/Src/main.o
 .debug_macro   0x0000000000015b6f       0x1c ./Core/Src/main.o
 .debug_macro   0x0000000000015b8b       0x3d ./Core/Src/main.o
 .debug_macro   0x0000000000015bc8       0x16 ./Core/Src/main.o
 .debug_macro   0x0000000000015bde      0x145 ./Core/Src/main.o
 .debug_macro   0x0000000000015d23       0x16 ./Core/Src/main.o
 .debug_macro   0x0000000000015d39       0x16 ./Core/Src/main.o
 .debug_macro   0x0000000000015d4f       0x16 ./Core/Src/main.o
 .debug_macro   0x0000000000015d65       0x29 ./Core/Src/main.o
 .debug_macro   0x0000000000015d8e       0x1d ./Core/Src/main.o
 .debug_macro   0x0000000000015dab       0x3a ./Core/Src/main.o
 .debug_macro   0x0000000000015de5      0x354 ./Core/Src/ssd1306.o
 .debug_macro   0x0000000000016139      0x200 ./Core/Src/stm32f4xx_hal_msp.o
 .debug_macro   0x0000000000016339      0x20a ./Core/Src/stm32f4xx_it.o
 .debug_macro   0x0000000000016543       0xff ./Core/Src/sysmem.o
 .debug_macro   0x0000000000016642      0x23b ./Core/Src/sysmem.o
 .debug_macro   0x000000000001687d      0x1f1 ./Core/Src/system_stm32f4xx.o
 .debug_macro   0x0000000000016a6e      0x251 ./Drivers/STM32F4xx_HAL_Driver/Src/stm32f4xx_hal.o
 .debug_macro   0x0000000000016cbf      0x1f2 ./Drivers/STM32F4xx_HAL_Driver/Src/stm32f4xx_hal_adc.o
 .debug_macro   0x0000000000016eb1      0x1f1 ./Drivers/STM32F4xx_HAL_Driver/Src/stm32f4xx_hal_cortex.o
 .debug_macro   0x00000000000170a2      0x1f7 ./Drivers/STM32F4xx_HAL_Driver/Src/stm32f4xx_hal_dma.o
 .debug_macro   0x0000000000017299      0x1f7 ./Drivers/STM32F4xx_HAL_Driver/Src/stm32f4xx_hal_gpio.o
 .debug_macro   0x0000000000017490      0x238 ./Drivers/STM32F4xx_HAL_Driver/Src/stm32f4xx_hal_i2c.o
 .debug_macro   0x00000000000176c8      0x215 ./Drivers/STM32F4xx_HAL_Driver/Src/stm32f4xx_hal_rcc.o

.debug_line     0x0000000000000000     0xdbed
 .debug_line    0x0000000000000000      0x809 ./Core/Src/DS3231.o
 .debug_line    0x0000000000000809      0x86b ./Core/Src/fonts.o
 .debug_line    0x0000000000001074     0x15c7 ./Core/Src/main.o
 .debug_line    0x000000000000263b     0x1026 ./Core/Src/ssd1306.o
 .debug_line    0x0000000000003661      0x7af ./Core/Src/stm32f4xx_hal_msp.o
 .debug_line    0x0000000000003e10      0x7cd ./Core/Src/stm32f4xx_it.o
 .debug_line    0x00000000000045dd      0x4f4 ./Core/Src/sysmem.o
 .debug_line    0x0000000000004ad1      0x774 ./Core/Src/system_stm32f4xx.o
 .debug_line    0x0000000000005245       0x88 ./Core/Startup/startup_stm32f411ceux.o
 .debug_line    0x00000000000052cd      0x9da ./Drivers/STM32F4xx_HAL_Driver/Src/stm32f4xx_hal.o
 .debug_line    0x0000000000005ca7     0x118a ./Drivers/STM32F4xx_HAL_Driver/Src/stm32f4xx_hal_adc.o
 .debug_line    0x0000000000006e31      0xc89 ./Drivers/STM32F4xx_HAL_Driver/Src/stm32f4xx_hal_cortex.o
 .debug_line    0x0000000000007aba      0xf3e ./Drivers/STM32F4xx_HAL_Driver/Src/stm32f4xx_hal_dma.o
 .debug_line    0x00000000000089f8      0xb12 ./Drivers/STM32F4xx_HAL_Driver/Src/stm32f4xx_hal_gpio.o
 .debug_line    0x000000000000950a     0x398f ./Drivers/STM32F4xx_HAL_Driver/Src/stm32f4xx_hal_i2c.o
 .debug_line    0x000000000000ce99      0xd54 ./Drivers/STM32F4xx_HAL_Driver/Src/stm32f4xx_hal_rcc.o

.debug_str      0x0000000000000000    0x92892
 .debug_str     0x0000000000000000    0x8b263 ./Core/Src/DS3231.o
                                      0x8b54a (size before relaxing)
 .debug_str     0x000000000008b263     0x2ee6 ./Core/Src/fonts.o
                                      0x8dc3f (size before relaxing)
 .debug_str     0x000000000008e149     0x1f49 ./Core/Src/main.o
                                      0x902f8 (size before relaxing)
 .debug_str     0x0000000000090092      0x4bc ./Core/Src/ssd1306.o
                                      0x8e775 (size before relaxing)
 .debug_str     0x000000000009054e       0xa6 ./Core/Src/stm32f4xx_hal_msp.o
                                      0x8b7bb (size before relaxing)
 .debug_str     0x00000000000905f4       0xe8 ./Core/Src/stm32f4xx_it.o
                                      0x8b208 (size before relaxing)
 .debug_str     0x00000000000906dc      0x4da ./Core/Src/sysmem.o
                                       0x5dd8 (size before relaxing)
 .debug_str     0x0000000000090bb6       0xdb ./Core/Src/system_stm32f4xx.o
                                      0x8af1b (size before relaxing)
 .debug_str     0x0000000000090c91       0x36 ./Core/Startup/startup_stm32f411ceux.o
                                         0x82 (size before relaxing)
 .debug_str     0x0000000000090cc7      0x597 ./Drivers/STM32F4xx_HAL_Driver/Src/stm32f4xx_hal.o
                                      0x8b947 (size before relaxing)
 .debug_str     0x000000000009125e      0x297 ./Drivers/STM32F4xx_HAL_Driver/Src/stm32f4xx_hal_adc.o
                                      0x8b4f6 (size before relaxing)
 .debug_str     0x00000000000914f5      0x33a ./Drivers/STM32F4xx_HAL_Driver/Src/stm32f4xx_hal_cortex.o
                                      0x8b668 (size before relaxing)
 .debug_str     0x000000000009182f      0x2cf ./Drivers/STM32F4xx_HAL_Driver/Src/stm32f4xx_hal_dma.o
                                      0x8b323 (size before relaxing)
 .debug_str     0x0000000000091afe      0x110 ./Drivers/STM32F4xx_HAL_Driver/Src/stm32f4xx_hal_gpio.o
                                      0x8b096 (size before relaxing)
 .debug_str     0x0000000000091c0e      0xa71 ./Drivers/STM32F4xx_HAL_Driver/Src/stm32f4xx_hal_i2c.o
                                      0x8bed9 (size before relaxing)
 .debug_str     0x000000000009267f      0x213 ./Drivers/STM32F4xx_HAL_Driver/Src/stm32f4xx_hal_rcc.o
                                      0x8b34f (size before relaxing)

.comment        0x0000000000000000       0x50
 .comment       0x0000000000000000       0x50 ./Core/Src/DS3231.o
                                         0x51 (size before relaxing)
 .comment       0x0000000000000050       0x51 ./Core/Src/fonts.o
 .comment       0x0000000000000050       0x51 ./Core/Src/main.o
 .comment       0x0000000000000050       0x51 ./Core/Src/ssd1306.o
 .comment       0x0000000000000050       0x51 ./Core/Src/stm32f4xx_hal_msp.o
 .comment       0x0000000000000050       0x51 ./Core/Src/stm32f4xx_it.o
 .comment       0x0000000000000050       0x51 ./Core/Src/sysmem.o
 .comment       0x0000000000000050       0x51 ./Core/Src/system_stm32f4xx.o
 .comment       0x0000000000000050       0x51 ./Drivers/STM32F4xx_HAL_Driver/Src/stm32f4xx_hal.o
 .comment       0x0000000000000050       0x51 ./Drivers/STM32F4xx_HAL_Driver/Src/stm32f4xx_hal_adc.o
 .comment       0x0000000000000050       0x51 ./Drivers/STM32F4xx_HAL_Driver/Src/stm32f4xx_hal_cortex.o
 .comment       0x0000000000000050       0x51 ./Drivers/STM32F4xx_HAL_Driver/Src/stm32f4xx_hal_dma.o
 .comment       0x0000000000000050       0x51 ./Drivers/STM32F4xx_HAL_Driver/Src/stm32f4xx_hal_gpio.o
 .comment       0x0000000000000050       0x51 ./Drivers/STM32F4xx_HAL_Driver/Src/stm32f4xx_hal_i2c.o
 .comment       0x0000000000000050       0x51 ./Drivers/STM32F4xx_HAL_Driver/Src/stm32f4xx_hal_rcc.o

.debug_frame    0x0000000000000000     0x2d5c
 .debug_frame   0x0000000000000000       0xb0 ./Core/Src/DS3231.o
 .debug_frame   0x00000000000000b0       0x38 ./Core/Src/fonts.o
 .debug_frame   0x00000000000000e8      0x310 ./Core/Src/main.o
 .debug_frame   0x00000000000003f8      0x414 ./Core/Src/ssd1306.o
 .debug_frame   0x000000000000080c       0xc8 ./Core/Src/stm32f4xx_hal_msp.o
 .debug_frame   0x00000000000008d4      0x120 ./Core/Src/stm32f4xx_it.o
 .debug_frame   0x00000000000009f4       0x34 ./Core/Src/sysmem.o
 .debug_frame   0x0000000000000a28       0x58 ./Core/Src/system_stm32f4xx.o
 .debug_frame   0x0000000000000a80      0x374 ./Drivers/STM32F4xx_HAL_Driver/Src/stm32f4xx_hal.o
 .debug_frame   0x0000000000000df4      0x3fc ./Drivers/STM32F4xx_HAL_Driver/Src/stm32f4xx_hal_adc.o
 .debug_frame   0x00000000000011f0      0x498 ./Drivers/STM32F4xx_HAL_Driver/Src/stm32f4xx_hal_cortex.o
 .debug_frame   0x0000000000001688      0x250 ./Drivers/STM32F4xx_HAL_Driver/Src/stm32f4xx_hal_dma.o
 .debug_frame   0x00000000000018d8      0x14c ./Drivers/STM32F4xx_HAL_Driver/Src/stm32f4xx_hal_gpio.o
 .debug_frame   0x0000000000001a24      0xc5c ./Drivers/STM32F4xx_HAL_Driver/Src/stm32f4xx_hal_i2c.o
 .debug_frame   0x0000000000002680      0x1f4 ./Drivers/STM32F4xx_HAL_Driver/Src/stm32f4xx_hal_rcc.o
 .debug_frame   0x0000000000002874       0x20 c:/st/stm32cubeide_1.12.0/stm32cubeide/plugins/com.st.stm32cube.ide.mcu.externaltools.gnu-tools-for-stm32.10.3-2021.10.win32_1.0.200.202301161003/tools/bin/../lib/gcc/arm-none-eabi/10.3.1/../../../../arm-none-eabi/lib/thumb/v7e-m+fp/hard\libc_nano.a(lib_a-errno.o)
 .debug_frame   0x0000000000002894       0x2c c:/st/stm32cubeide_1.12.0/stm32cubeide/plugins/com.st.stm32cube.ide.mcu.externaltools.gnu-tools-for-stm32.10.3-2021.10.win32_1.0.200.202301161003/tools/bin/../lib/gcc/arm-none-eabi/10.3.1/../../../../arm-none-eabi/lib/thumb/v7e-m+fp/hard\libc_nano.a(lib_a-init.o)
 .debug_frame   0x00000000000028c0       0x20 c:/st/stm32cubeide_1.12.0/stm32cubeide/plugins/com.st.stm32cube.ide.mcu.externaltools.gnu-tools-for-stm32.10.3-2021.10.win32_1.0.200.202301161003/tools/bin/../lib/gcc/arm-none-eabi/10.3.1/../../../../arm-none-eabi/lib/thumb/v7e-m+fp/hard\libc_nano.a(lib_a-memset.o)
 .debug_frame   0x00000000000028e0       0x6c c:/st/stm32cubeide_1.12.0/stm32cubeide/plugins/com.st.stm32cube.ide.mcu.externaltools.gnu-tools-for-stm32.10.3-2021.10.win32_1.0.200.202301161003/tools/bin/../lib/gcc/arm-none-eabi/10.3.1/../../../../arm-none-eabi/lib/thumb/v7e-m+fp/hard\libc_nano.a(lib_a-sprintf.o)
 .debug_frame   0x000000000000294c       0x28 c:/st/stm32cubeide_1.12.0/stm32cubeide/plugins/com.st.stm32cube.ide.mcu.externaltools.gnu-tools-for-stm32.10.3-2021.10.win32_1.0.200.202301161003/tools/bin/../lib/gcc/arm-none-eabi/10.3.1/../../../../arm-none-eabi/lib/thumb/v7e-m+fp/hard\libc_nano.a(lib_a-strcat.o)
 .debug_frame   0x0000000000002974       0x90 c:/st/stm32cubeide_1.12.0/stm32cubeide/plugins/com.st.stm32cube.ide.mcu.externaltools.gnu-tools-for-stm32.10.3-2021.10.win32_1.0.200.202301161003/tools/bin/../lib/gcc/arm-none-eabi/10.3.1/../../../../arm-none-eabi/lib/thumb/v7e-m+fp/hard\libc_nano.a(lib_a-nano-svfprintf.o)
 .debug_frame   0x0000000000002a04       0x60 c:/st/stm32cubeide_1.12.0/stm32cubeide/plugins/com.st.stm32cube.ide.mcu.externaltools.gnu-tools-for-stm32.10.3-2021.10.win32_1.0.200.202301161003/tools/bin/../lib/gcc/arm-none-eabi/10.3.1/../../../../arm-none-eabi/lib/thumb/v7e-m+fp/hard\libc_nano.a(lib_a-nano-vfprintf_i.o)
 .debug_frame   0x0000000000002a64       0x28 c:/st/stm32cubeide_1.12.0/stm32cubeide/plugins/com.st.stm32cube.ide.mcu.externaltools.gnu-tools-for-stm32.10.3-2021.10.win32_1.0.200.202301161003/tools/bin/../lib/gcc/arm-none-eabi/10.3.1/../../../../arm-none-eabi/lib/thumb/v7e-m+fp/hard\libc_nano.a(lib_a-memcpy-stub.o)
 .debug_frame   0x0000000000002a8c       0x28 c:/st/stm32cubeide_1.12.0/stm32cubeide/plugins/com.st.stm32cube.ide.mcu.externaltools.gnu-tools-for-stm32.10.3-2021.10.win32_1.0.200.202301161003/tools/bin/../lib/gcc/arm-none-eabi/10.3.1/../../../../arm-none-eabi/lib/thumb/v7e-m+fp/hard\libc_nano.a(lib_a-memmove.o)
 .debug_frame   0x0000000000002ab4       0x38 c:/st/stm32cubeide_1.12.0/stm32cubeide/plugins/com.st.stm32cube.ide.mcu.externaltools.gnu-tools-for-stm32.10.3-2021.10.win32_1.0.200.202301161003/tools/bin/../lib/gcc/arm-none-eabi/10.3.1/../../../../arm-none-eabi/lib/thumb/v7e-m+fp/hard\libc_nano.a(lib_a-nano-freer.o)
 .debug_frame   0x0000000000002aec       0x4c c:/st/stm32cubeide_1.12.0/stm32cubeide/plugins/com.st.stm32cube.ide.mcu.externaltools.gnu-tools-for-stm32.10.3-2021.10.win32_1.0.200.202301161003/tools/bin/../lib/gcc/arm-none-eabi/10.3.1/../../../../arm-none-eabi/lib/thumb/v7e-m+fp/hard\libc_nano.a(lib_a-nano-mallocr.o)
 .debug_frame   0x0000000000002b38       0x3c c:/st/stm32cubeide_1.12.0/stm32cubeide/plugins/com.st.stm32cube.ide.mcu.externaltools.gnu-tools-for-stm32.10.3-2021.10.win32_1.0.200.202301161003/tools/bin/../lib/gcc/arm-none-eabi/10.3.1/../../../../arm-none-eabi/lib/thumb/v7e-m+fp/hard\libc_nano.a(lib_a-nano-reallocr.o)
 .debug_frame   0x0000000000002b74       0x2c c:/st/stm32cubeide_1.12.0/stm32cubeide/plugins/com.st.stm32cube.ide.mcu.externaltools.gnu-tools-for-stm32.10.3-2021.10.win32_1.0.200.202301161003/tools/bin/../lib/gcc/arm-none-eabi/10.3.1/../../../../arm-none-eabi/lib/thumb/v7e-m+fp/hard\libc_nano.a(lib_a-sbrkr.o)
 .debug_frame   0x0000000000002ba0       0x30 c:/st/stm32cubeide_1.12.0/stm32cubeide/plugins/com.st.stm32cube.ide.mcu.externaltools.gnu-tools-for-stm32.10.3-2021.10.win32_1.0.200.202301161003/tools/bin/../lib/gcc/arm-none-eabi/10.3.1/../../../../arm-none-eabi/lib/thumb/v7e-m+fp/hard\libc_nano.a(lib_a-mlock.o)
 .debug_frame   0x0000000000002bd0       0x20 c:/st/stm32cubeide_1.12.0/stm32cubeide/plugins/com.st.stm32cube.ide.mcu.externaltools.gnu-tools-for-stm32.10.3-2021.10.win32_1.0.200.202301161003/tools/bin/../lib/gcc/arm-none-eabi/10.3.1/../../../../arm-none-eabi/lib/thumb/v7e-m+fp/hard\libc_nano.a(lib_a-nano-msizer.o)
 .debug_frame   0x0000000000002bf0       0x5c c:/st/stm32cubeide_1.12.0/stm32cubeide/plugins/com.st.stm32cube.ide.mcu.externaltools.gnu-tools-for-stm32.10.3-2021.10.win32_1.0.200.202301161003/tools/bin/../lib/gcc/arm-none-eabi/10.3.1/../../../../arm-none-eabi/lib/thumb/v7e-m+fp/hard\libc_nano.a(lib_a-reent.o)
 .debug_frame   0x0000000000002c4c       0xb0 c:/st/stm32cubeide_1.12.0/stm32cubeide/plugins/com.st.stm32cube.ide.mcu.externaltools.gnu-tools-for-stm32.10.3-2021.10.win32_1.0.200.202301161003/tools/bin/../lib/gcc/arm-none-eabi/10.3.1/../../../../arm-none-eabi/lib/thumb/v7e-m+fp/hard\libc_nano.a(lib_a-lock.o)
 .debug_frame   0x0000000000002cfc       0x2c c:/st/stm32cubeide_1.12.0/stm32cubeide/plugins/com.st.stm32cube.ide.mcu.externaltools.gnu-tools-for-stm32.10.3-2021.10.win32_1.0.200.202301161003/tools/bin/../lib/gcc/arm-none-eabi/10.3.1/thumb/v7e-m+fp/hard\libgcc.a(_aeabi_uldivmod.o)
 .debug_frame   0x0000000000002d28       0x34 c:/st/stm32cubeide_1.12.0/stm32cubeide/plugins/com.st.stm32cube.ide.mcu.externaltools.gnu-tools-for-stm32.10.3-2021.10.win32_1.0.200.202301161003/tools/bin/../lib/gcc/arm-none-eabi/10.3.1/thumb/v7e-m+fp/hard\libgcc.a(_udivmoddi4.o)
