../Core/Src/main.c:120:6:HAL_IncTick	8	static
../Core/Src/main.c:165:9:joystick_sw	8	static
../Core/Src/main.c:173:6:PutsXY	24	static
../Core/Src/main.c:177:6:ud_joystick	16	static
../Core/Src/main.c:229:6:rl_joystick	16	static
../Core/Src/main.c:280:6:pati_save_	24	static
../Core/Src/main.c:308:6:KEYBOARD	40	static
../Core/Src/main.c:369:6:Init	8	static
../Core/Src/main.c:387:6:Time_set	24	static
../Core/Src/main.c:421:6:Main_menu	16	static
../Core/Src/main.c:442:6:Hospit	24	static
../Core/Src/main.c:544:6:Discharge	16	static
../Core/Src/main.c:556:6:Medicine_manage	8	static
../Core/Src/main.c:562:6:Prescription_manage	8	static
../Core/Src/main.c:568:6:Log	8	static
../Core/Src/main.c:574:6:Emergency_call	4	static
../Core/Src/main.c:583:5:main	8	static
../Core/Src/main.c:639:6:SystemClock_Config	88	static
../Core/Src/main.c:686:13:MX_ADC1_Init	24	static
../Core/Src/main.c:748:13:MX_I2C1_Init	8	static
../Core/Src/main.c:780:13:MX_DMA_Init	16	static
../Core/Src/main.c:798:13:MX_GPIO_Init	40	static
../Core/Src/main.c:852:6:Error_Handler	4	static,ignoring_inline_asm
